BL51 BANKED LINKER/LOCATER V6.22.2.0                                                    02/27/2021  22:04:45  PAGE 1


BL51 BANKED LINKER/LOCATER V6.22.2.0, INVOKED BY:
C:\KEIL_V5\C51\BIN\BL51.EXE .\Objects\STARTUP.obj, .\Objects\main.obj, .\Objects\delay.obj, .\Objects\FPM10A.obj, .\Obje
>> cts\lcd_12864.obj, .\Objects\led.obj, .\Objects\uart.obj, .\Objects\keyboard.obj, .\Objects\offline.obj, .\Objects\vo
>> ice.obj, .\Objects\ov7670.obj, .\Objects\sccb.obj, .\Objects\WIFI.obj TO .\Objects\stc8a的指纹程序 PRINT (.\Listings\
>> stc8a的指纹程序.m51) RAMSIZE (256)


MEMORY MODEL: LARGE


INPUT MODULES INCLUDED:
  .\Objects\STARTUP.obj (?C_STARTUP)
  .\Objects\main.obj (MAIN)
  .\Objects\delay.obj (DELAY)
  .\Objects\FPM10A.obj (FPM10A)
  .\Objects\lcd_12864.obj (LCD_12864)
  .\Objects\led.obj (LED)
  .\Objects\uart.obj (UART)
  .\Objects\keyboard.obj (KEYBOARD)
  .\Objects\offline.obj (OFFLINE)
  .\Objects\voice.obj (VOICE)
  .\Objects\ov7670.obj (OV7670)
  .\Objects\sccb.obj (SCCB)
  .\Objects\WIFI.obj (WIFI)
  C:\KEIL_V5\C51\LIB\C51L.LIB (?C_INIT)
  C:\KEIL_V5\C51\LIB\C51L.LIB (?C?COPY)
  C:\KEIL_V5\C51\LIB\C51L.LIB (?C?CLDPTR)
  C:\KEIL_V5\C51\LIB\C51L.LIB (?C?CLDOPTR)
  C:\KEIL_V5\C51\LIB\C51L.LIB (?C?CSTPTR)
  C:\KEIL_V5\C51\LIB\C51L.LIB (?C?CSTOPTR)
  C:\KEIL_V5\C51\LIB\C51L.LIB (?C?UIDIV)
  C:\KEIL_V5\C51\LIB\C51L.LIB (?C?LMUL)
  C:\KEIL_V5\C51\LIB\C51L.LIB (?C?SLCMP)
  C:\KEIL_V5\C51\LIB\C51L.LIB (?C?ULCMP)
  C:\KEIL_V5\C51\LIB\C51L.LIB (?C?ULSHR)
  C:\KEIL_V5\C51\LIB\C51L.LIB (?C?LSTXDATA)
  C:\KEIL_V5\C51\LIB\C51L.LIB (?C?LSTKXDATA)


LINK MAP OF MODULE:  .\Objects\stc8a的指纹程序 (?C_STARTUP)


            TYPE    BASE      LENGTH    RELOCATION   SEGMENT NAME
            -----------------------------------------------------

            * * * * * * *   D A T A   M E M O R Y   * * * * * * *
            REG     0000H     0008H     ABSOLUTE     "REG BANK 0"
            IDATA   0008H     0001H     UNIT         ?STACK

            * * * * * * *  X D A T A   M E M O R Y  * * * * * * *
            XDATA   0000H     002CH     UNIT         ?XD?FPM10A
            XDATA   002CH     002CH     UNIT         ?XD?KEYBOARD
            XDATA   0058H     000DH     UNIT         ?XD?_OV7670_WINDOW_SET?OV7670
            XDATA   0065H     000CH     UNIT         ?XD?_READDATA?OFFLINE
            XDATA   0071H     000CH     UNIT         ?XD?_FASTREADDATA?OFFLINE
            XDATA   007DH     000AH     UNIT         _XDATA_GROUP_
            XDATA   0087H     0007H     UNIT         ?XD?_PAGEPROGRAMBLOCK?OFFLINE
            XDATA   008EH     0006H     UNIT         ?XD?LCD_12864
BL51 BANKED LINKER/LOCATER V6.22.2.0                                                  02/27/2021  22:04:45  PAGE 2


            XDATA   0094H     0006H     UNIT         ?XD?WIFI
            XDATA   009AH     0005H     UNIT         ?XD?_FPM10A_CMD_SAVE_FINGER?FPM10A
            XDATA   009FH     0005H     UNIT         ?XD?OV7670_TEST?OV7670
            XDATA   00A4H     0002H     UNIT         ?XD?MAIN
            XDATA   00A6H     0002H     UNIT         ?XD?_ERASEBLOCK?OFFLINE
            XDATA   00A8H     0001H     UNIT         ?XD?FINGERPRINT_CMD_IMG_TO_BUFFER2?FPM10A
            XDATA   00A9H     0001H     UNIT         ?XD?FPM10A_CMD_REG_MODEL?FPM10A
            XDATA   00AAH     0001H     UNIT         ?XD?FINGERPRINT_CMD_DELETE_ALL_MODEL?FPM10A
            XDATA   00ABH     0001H     UNIT         ?XD?_DISPLAYCGRAM?LCD_12864
            XDATA   00ACH     0001H     UNIT         ?XD?OV7670

            * * * * * * *   C O D E   M E M O R Y   * * * * * * *
            CODE    0000H     0003H     ABSOLUTE     
            CODE    0003H     0003H     ABSOLUTE     
            CODE    0006H     03E6H     UNIT         ?PR?KEYSCAN?KEYBOARD
            CODE    03ECH     03D7H     UNIT         ?PR?MANAGEMENT?KEYBOARD
            CODE    07C3H     02F3H     UNIT         ?PR?KEYSCAN_M?KEYBOARD
            CODE    0AB6H     02F3H     UNIT         ?PR?KEYSCAN2?KEYBOARD
            CODE    0DA9H     02F3H     UNIT         ?PR?KEYSCAN3?KEYBOARD
            CODE    109CH     028BH     UNIT         ?C?LIB_CODE
            CODE    1327H     01B3H     UNIT         ?PR?FPM10A_FIND_FINGERPRINT?FPM10A
            CODE    14DAH     0185H     UNIT         ?PR?KEYDOWN?KEYBOARD
            CODE    165FH     0122H     UNIT         ?CO?KEYBOARD
            CODE    1781H     0113H     UNIT         ?PR?_OV7670_WINDOW_SET?OV7670
            CODE    1894H     010FH     UNIT         ?PR?_PAGEPROGRAMBLOCK?OFFLINE
            CODE    19A3H     00E7H     UNIT         ?CO?FPM10A
            CODE    1A8AH     00E4H     UNIT         ?CO?OV7670
            CODE    1B6EH     00DEH     UNIT         ?PR?INITESP?WIFI
            CODE    1C4CH     00DDH     UNIT         ?PR?DEVICE_CHECK?FPM10A
            CODE    1D29H     00DAH     UNIT         ?PR?_FASTREADDATA?OFFLINE
            CODE    1E03H     00C9H     UNIT         ?PR?_READDATA?OFFLINE
            CODE    1ECCH     00BCH     UNIT         ?PR?_ERASEBLOCK?OFFLINE
            CODE    1F88H     00BAH     UNIT         ?PR?OV7670_TEST?OV7670
            CODE    2042H     00B9H     UNIT         ?PR?_FPM10A_CMD_SAVE_FINGER?FPM10A
            CODE    20FBH     009CH     UNIT         ?PR?MAIN?MAIN
            CODE    2197H     008CH     UNIT         ?C_C51STARTUP
            CODE    2223H     0089H     UNIT         ?PR?OV7670_INIT?OV7670
            CODE    22ACH     006EH     UNIT         ?PR?_LCD_PUTSTRING?LCD_12864
            CODE    231AH     0067H     UNIT         ?C_INITSEG
            CODE    2381H     005EH     UNIT         ?PR?INIT_ST7920?LCD_12864
            CODE    23DFH     005DH     UNIT         ?PR?_RD_SENSOR_REG?OV7670
            CODE    243CH     005DH     UNIT         ?PR?SCCBREADBYTE?SCCB
            CODE    2499H     0049H     UNIT         ?PR?FINGERPRINT_CMD_IMG_TO_BUFFER2?FPM10A
            CODE    24E2H     0049H     UNIT         ?PR?FINGERPRINT_CMD_DELETE_ALL_MODEL?FPM10A
            CODE    252BH     0046H     UNIT         ?PR?_SCCBWRITEBYTE?SCCB
            CODE    2571H     0044H     UNIT         ?PR?FPM10A_CMD_CHECK?FPM10A
            CODE    25B5H     0041H     UNIT         ?PR?ZHEN?OV7670
            CODE    25F6H     0040H     UNIT         ?PR?_DISPLAYCGRAM?LCD_12864
            CODE    2636H     0040H     UNIT         ?CO?WIFI
            CODE    2676H     003AH     UNIT         ?PR?FPM10A_CMD_SEND_PACK_HEAD?FPM10A
            CODE    26B0H     0039H     UNIT         ?PR?_WR_SENSOR_REG?OV7670
            CODE    26E9H     0038H     UNIT         ?PR?GETACK?SCCB
            CODE    2721H     0031H     UNIT         ?PR?INIT_W25Q128?OFFLINE
            CODE    2752H     0031H     UNIT         ?PR?RESET_W25Q128?OFFLINE
            CODE    2783H     002EH     UNIT         ?PR?_FPM10A_RECEIVE_DATA?FPM10A
            CODE    27B1H     002DH     UNIT         ?PR?_W25WSPI?OFFLINE
            CODE    27DEH     002BH     UNIT         ?PR?W25FRSPI?OFFLINE
BL51 BANKED LINKER/LOCATER V6.22.2.0                                                  02/27/2021  22:04:45  PAGE 3


            CODE    2809H     0028H     UNIT         ?PR?FPM10A_CMD_GET_IMG?FPM10A
            CODE    2831H     0028H     UNIT         ?PR?FINGERPRINT_CMD_IMG_TO_BUFFER1?FPM10A
            CODE    2859H     0028H     UNIT         ?PR?FPM10A_CMD_SEARCH_FINGER?FPM10A
            CODE    2881H     0028H     UNIT         ?PR?FPM10A_CMD_REG_MODEL?FPM10A
            CODE    28A9H     0027H     UNIT         ?PR?W25RSPI?OFFLINE
            CODE    28D0H     0024H     UNIT         ?PR?NOACK?SCCB
            CODE    28F4H     0021H     UNIT         ?PR?DISPLAYUPDATA?LCD_12864
            CODE    2915H     0020H     UNIT         ?PR?_DELAY?VOICE
            CODE    2935H     001FH     UNIT         ?CO?LCD_12864
            CODE    2954H     001CH     UNIT         ?PR?_MS1?OFFLINE
            CODE    2970H     001CH     UNIT         ?PR?ISP_CHECK1?VOICE
            CODE    298CH     001CH     UNIT         ?PR?ISP_CHECK2?VOICE
            CODE    29A8H     001CH     UNIT         ?PR?ISP_CHECK3?VOICE
            CODE    29C4H     001BH     UNIT         ?PR?_WRITE_CMD?LCD_12864
            CODE    29DFH     001BH     UNIT         ?PR?_WRITE_DATA?LCD_12864
            CODE    29FAH     001BH     UNIT         ?PR?STOPSCCB?SCCB
            CODE    2A15H     0018H     UNIT         ?PR?_DELAY_MS?DELAY
            CODE    2A2DH     0017H     UNIT         ?PR?STARTSCCB?SCCB
            CODE    2A44H     0016H     UNIT         ?PR?UART_INIT?UART
            CODE    2A5AH     0014H     UNIT         ?PR?CHECK_BUSY?LCD_12864
            CODE    2A6EH     0014H     UNIT         ?PR?VOICE_INIT?VOICE
            CODE    2A82H     0013H     UNIT         ?PR?_SENDSTRING?WIFI
            CODE    2A95H     0012H     UNIT         ?CO?VOICE
            CODE    2AA7H     000EH     UNIT         ?CO?MAIN
            CODE    2AB5H     000DH     UNIT         ?PR?READRS2?OFFLINE
            CODE    2AC2H     000DH     UNIT         ?PR?READRS3?OFFLINE
            CODE    2ACFH     000CH     UNIT         ?PR?CLRSCREEN?LCD_12864
            CODE    2ADBH     000BH     UNIT         ?PR?_UART_SEND_BYTE?UART
            CODE    2AE6H     000BH     UNIT         ?PR?UART_RECEIVE_BYTE?UART
            CODE    2AF1H     000AH     UNIT         ?PR?_DELAY_US?DELAY
            CODE    2AFBH     0008H     UNIT         ?PR?_SENDBYTE?WIFI
            CODE    2B03H     0006H     UNIT         ?PR?READRS1?OFFLINE
            CODE    2B09H     0005H     UNIT         ?PR?LED_INIT?LED
            CODE    2B0EH     0003H     UNIT         ?PR?LED_GREEN_ON?LED
            CODE    2B11H     0003H     UNIT         ?PR?LED_GREEN_OFF?LED
            CODE    2B14H     0003H     UNIT         ?PR?LED_RED_ON?LED
            CODE    2B17H     0003H     UNIT         ?PR?LED_RED_OFF?LED



OVERLAY MAP OF MODULE:   .\Objects\stc8a的指纹程序 (?C_STARTUP)


SEGMENT                                            XDATA_GROUP
  +--> CALLED SEGMENT                            START    LENGTH
----------------------------------------------------------------
?C_C51STARTUP                                    -----    -----
  +--> ?PR?MAIN?MAIN
  +--> ?C_INITSEG

?PR?MAIN?MAIN                                    -----    -----
  +--> ?PR?INITESP?WIFI
  +--> ?PR?INIT_ST7920?LCD_12864
  +--> ?PR?VOICE_INIT?VOICE
  +--> ?PR?_DELAY_MS?DELAY
  +--> ?PR?INIT_W25Q128?OFFLINE
  +--> ?PR?UART_INIT?UART
BL51 BANKED LINKER/LOCATER V6.22.2.0                                                  02/27/2021  22:04:45  PAGE 4


  +--> ?PR?DEVICE_CHECK?FPM10A
  +--> ?PR?OV7670_INIT?OV7670
  +--> ?PR?DISPLAYUPDATA?LCD_12864
  +--> ?PR?KEYDOWN?KEYBOARD
  +--> ?PR?FPM10A_FIND_FINGERPRINT?FPM10A
  +--> ?PR?MANAGEMENT?KEYBOARD
  +--> ?PR?CLRSCREEN?LCD_12864
  +--> ?CO?MAIN
  +--> ?PR?_LCD_PUTSTRING?LCD_12864
  +--> ?PR?LED_RED_OFF?LED

?PR?INITESP?WIFI                                 007DH    0002H
  +--> ?CO?WIFI
  +--> ?PR?_SENDSTRING?WIFI

?PR?_SENDSTRING?WIFI                             -----    -----
  +--> ?PR?_SENDBYTE?WIFI

?PR?INIT_ST7920?LCD_12864                        -----    -----
  +--> ?PR?_DELAY_MS?DELAY
  +--> ?PR?_WRITE_CMD?LCD_12864
  +--> ?PR?_DELAY_US?DELAY

?PR?_DELAY_MS?DELAY                              -----    -----
  +--> ?PR?_DELAY_US?DELAY

?PR?_WRITE_CMD?LCD_12864                         -----    -----
  +--> ?PR?CHECK_BUSY?LCD_12864
  +--> ?PR?_DELAY_US?DELAY

?PR?INIT_W25Q128?OFFLINE                         -----    -----
  +--> ?PR?RESET_W25Q128?OFFLINE

?PR?RESET_W25Q128?OFFLINE                        -----    -----
  +--> ?PR?_W25WSPI?OFFLINE

?PR?DEVICE_CHECK?FPM10A                          007DH    0001H
  +--> ?PR?CLRSCREEN?LCD_12864
  +--> ?CO?FPM10A
  +--> ?PR?_LCD_PUTSTRING?LCD_12864
  +--> ?PR?_DELAY_MS?DELAY
  +--> ?PR?FPM10A_CMD_CHECK?FPM10A
  +--> ?PR?_FPM10A_RECEIVE_DATA?FPM10A

?PR?CLRSCREEN?LCD_12864                          -----    -----
  +--> ?PR?_WRITE_CMD?LCD_12864
  +--> ?PR?_DELAY_MS?DELAY

?PR?_LCD_PUTSTRING?LCD_12864                     0082H    0003H
  +--> ?PR?_WRITE_CMD?LCD_12864
  +--> ?PR?_WRITE_DATA?LCD_12864
  +--> ?PR?_DELAY_US?DELAY

?PR?_WRITE_DATA?LCD_12864                        -----    -----
  +--> ?PR?CHECK_BUSY?LCD_12864
  +--> ?PR?_DELAY_US?DELAY

BL51 BANKED LINKER/LOCATER V6.22.2.0                                                  02/27/2021  22:04:45  PAGE 5


?PR?FPM10A_CMD_CHECK?FPM10A                      007EH    0002H
  +--> ?PR?FPM10A_CMD_SEND_PACK_HEAD?FPM10A
  +--> ?CO?FPM10A
  +--> ?PR?_UART_SEND_BYTE?UART

?PR?FPM10A_CMD_SEND_PACK_HEAD?FPM10A             0083H    0002H
  +--> ?CO?FPM10A
  +--> ?PR?_UART_SEND_BYTE?UART

?PR?_FPM10A_RECEIVE_DATA?FPM10A                  0082H    0002H
  +--> ?PR?UART_RECEIVE_BYTE?UART

?PR?OV7670_INIT?OV7670                           007DH    0003H
  +--> ?PR?_WR_SENSOR_REG?OV7670
  +--> ?PR?_RD_SENSOR_REG?OV7670
  +--> ?CO?OV7670

?PR?_WR_SENSOR_REG?OV7670                        0080H    0002H
  +--> ?PR?STARTSCCB?SCCB
  +--> ?PR?_SCCBWRITEBYTE?SCCB
  +--> ?PR?STOPSCCB?SCCB

?PR?STARTSCCB?SCCB                               -----    -----
  +--> ?PR?_DELAY_US?DELAY

?PR?_SCCBWRITEBYTE?SCCB                          0084H    0002H
  +--> ?PR?_DELAY_US?DELAY
  +--> ?PR?GETACK?SCCB

?PR?GETACK?SCCB                                  0086H    0001H
  +--> ?PR?_DELAY_US?DELAY

?PR?STOPSCCB?SCCB                                -----    -----
  +--> ?PR?_DELAY_US?DELAY

?PR?_RD_SENSOR_REG?OV7670                        0080H    0004H
  +--> ?PR?STARTSCCB?SCCB
  +--> ?PR?_SCCBWRITEBYTE?SCCB
  +--> ?PR?STOPSCCB?SCCB
  +--> ?PR?SCCBREADBYTE?SCCB
  +--> ?PR?NOACK?SCCB

?PR?SCCBREADBYTE?SCCB                            0084H    0002H
  +--> ?PR?_DELAY_US?DELAY

?PR?NOACK?SCCB                                   -----    -----
  +--> ?PR?_DELAY_US?DELAY

?PR?DISPLAYUPDATA?LCD_12864                      -----    -----
  +--> ?PR?CLRSCREEN?LCD_12864
  +--> ?PR?_LCD_PUTSTRING?LCD_12864

?PR?KEYDOWN?KEYBOARD                             0082H    0004H
  +--> ?PR?_DELAY_MS?DELAY

?PR?FPM10A_FIND_FINGERPRINT?FPM10A               007DH    0005H
  +--> ?CO?FPM10A
BL51 BANKED LINKER/LOCATER V6.22.2.0                                                  02/27/2021  22:04:45  PAGE 6


  +--> ?PR?_DELAY_MS?DELAY
  +--> ?PR?CLRSCREEN?LCD_12864
  +--> ?PR?_LCD_PUTSTRING?LCD_12864
  +--> ?PR?LED_RED_ON?LED
  +--> ?PR?FPM10A_CMD_GET_IMG?FPM10A
  +--> ?PR?_FPM10A_RECEIVE_DATA?FPM10A
  +--> ?PR?FINGERPRINT_CMD_IMG_TO_BUFFER1?FP...
  +--> ?PR?FPM10A_CMD_SEARCH_FINGER?FPM10A
  +--> ?PR?LED_GREEN_ON?LED
  +--> ?PR?ISP_CHECK1?VOICE
  +--> ?PR?_WRITE_CMD?LCD_12864
  +--> ?PR?_WRITE_DATA?LCD_12864
  +--> ?PR?KEYDOWN?KEYBOARD
  +--> ?PR?KEYSCAN?KEYBOARD

?PR?FPM10A_CMD_GET_IMG?FPM10A                    0082H    0001H
  +--> ?PR?FPM10A_CMD_SEND_PACK_HEAD?FPM10A
  +--> ?CO?FPM10A
  +--> ?PR?_UART_SEND_BYTE?UART

?PR?FINGERPRINT_CMD_IMG_TO_BUFFER1?FP...         0082H    0001H
  +--> ?PR?FPM10A_CMD_SEND_PACK_HEAD?FPM10A
  +--> ?CO?FPM10A
  +--> ?PR?_UART_SEND_BYTE?UART

?PR?FPM10A_CMD_SEARCH_FINGER?FPM10A              0082H    0001H
  +--> ?PR?FPM10A_CMD_SEND_PACK_HEAD?FPM10A
  +--> ?CO?FPM10A
  +--> ?PR?_UART_SEND_BYTE?UART

?PR?ISP_CHECK1?VOICE                             -----    -----
  +--> ?CO?VOICE

?PR?KEYSCAN?KEYBOARD                             -----    -----
  +--> ?CO?KEYBOARD
  +--> ?PR?_LCD_PUTSTRING?LCD_12864
  +--> ?PR?_DELAY_MS?DELAY
  +--> ?PR?CLRSCREEN?LCD_12864
  +--> ?PR?ISP_CHECK1?VOICE
  +--> ?PR?ISP_CHECK3?VOICE

?PR?ISP_CHECK3?VOICE                             -----    -----
  +--> ?CO?VOICE

?PR?MANAGEMENT?KEYBOARD                          -----    -----
  +--> ?PR?CLRSCREEN?LCD_12864
  +--> ?CO?KEYBOARD
  +--> ?PR?_LCD_PUTSTRING?LCD_12864
  +--> ?PR?KEYDOWN?KEYBOARD
  +--> ?PR?_DELAY_MS?DELAY
  +--> ?PR?KEYSCAN_M?KEYBOARD
  +--> ?PR?KEYSCAN2?KEYBOARD
  +--> ?PR?KEYSCAN3?KEYBOARD

?PR?KEYSCAN_M?KEYBOARD                           -----    -----
  +--> ?CO?KEYBOARD
  +--> ?PR?_LCD_PUTSTRING?LCD_12864
BL51 BANKED LINKER/LOCATER V6.22.2.0                                                  02/27/2021  22:04:45  PAGE 7


  +--> ?PR?_DELAY_MS?DELAY

?PR?KEYSCAN2?KEYBOARD                            -----    -----
  +--> ?CO?KEYBOARD
  +--> ?PR?_LCD_PUTSTRING?LCD_12864
  +--> ?PR?_DELAY_MS?DELAY

?PR?KEYSCAN3?KEYBOARD                            -----    -----
  +--> ?CO?KEYBOARD
  +--> ?PR?_LCD_PUTSTRING?LCD_12864
  +--> ?PR?_DELAY_MS?DELAY

?C_INITSEG                                       -----    -----
  +--> ?CO?LCD_12864



SYMBOL TABLE OF MODULE:  .\Objects\stc8a的指纹程序 (?C_STARTUP)

  VALUE           TYPE          NAME
  ----------------------------------

  -------         MODULE        ?C_STARTUP
  C:2197H         SEGMENT       ?C_C51STARTUP
  I:0008H         SEGMENT       ?STACK
  C:0000H         PUBLIC        ?C_STARTUP
  D:00E0H         SYMBOL        ACC
  D:00F0H         SYMBOL        B
  D:0083H         SYMBOL        DPH
  D:0082H         SYMBOL        DPL
  N:0000H         SYMBOL        IBPSTACK
  N:0100H         SYMBOL        IBPSTACKTOP
  N:0080H         SYMBOL        IDATALEN
  C:219AH         SYMBOL        IDATALOOP
  N:0000H         SYMBOL        PBPSTACK
  N:0100H         SYMBOL        PBPSTACKTOP
  N:0000H         SYMBOL        PDATALEN
  N:0000H         SYMBOL        PDATASTART
  N:0000H         SYMBOL        PPAGE
  N:0000H         SYMBOL        PPAGEENABLE
  D:00A0H         SYMBOL        PPAGE_SFR
  D:0081H         SYMBOL        SP
  C:2197H         SYMBOL        STARTUP1
  N:0000H         SYMBOL        XBPSTACK
  N:0000H         SYMBOL        XBPSTACKTOP
  N:0000H         SYMBOL        XDATALEN
  N:0000H         SYMBOL        XDATASTART
  C:0000H         LINE#         126
  C:2197H         LINE#         133
  C:2199H         LINE#         134
  C:219AH         LINE#         135
  C:219BH         LINE#         136
  C:219DH         LINE#         185
  C:21A0H         LINE#         196
  -------         ENDMOD        ?C_STARTUP

  -------         MODULE        MAIN
BL51 BANKED LINKER/LOCATER V6.22.2.0                                                  02/27/2021  22:04:45  PAGE 8


  C:0000H         SYMBOL        _ICE_DUMMY_
  D:0080H         PUBLIC        P0
  D:0090H         PUBLIC        P1
  D:00A0H         PUBLIC        P2
  D:00B0H         PUBLIC        P3
  D:00C0H         PUBLIC        P4
  D:00C8H         PUBLIC        P5
  D:00E8H         PUBLIC        P6
  D:00F8H         PUBLIC        P7
  D:00A8H         PUBLIC        IE
  D:00B8H         PUBLIC        IP
  D:00D8H         PUBLIC        CCON
  C:20FBH         PUBLIC        main
  D:0098H         PUBLIC        SCON
  D:0088H         PUBLIC        TCON
  X:00A4H         PUBLIC        key
  D:00D0H         PUBLIC        PSW
  -------         PROC          MAIN
  C:20FBH         LINE#         14
  C:20FBH         LINE#         15
  C:20FBH         LINE#         16
  C:20FEH         LINE#         17
  C:2101H         LINE#         18
  C:2104H         LINE#         19
  C:210BH         LINE#         20
  C:210EH         LINE#         21
  C:2111H         LINE#         22
  C:2114H         LINE#         23
  C:2117H         LINE#         24
  C:211AH         LINE#         26
  C:2120H         LINE#         28
  C:2120H         LINE#         29
  C:2120H         LINE#         30
  C:2123H         LINE#         31
  C:212AH         LINE#         32
  C:212AH         LINE#         33
  C:2135H         LINE#         34
  C:213CH         LINE#         35
  C:2148H         LINE#         37
  C:214BH         LINE#         38
  C:214BH         LINE#         39
  C:2157H         LINE#         40
  C:2157H         LINE#         41
  C:215AH         LINE#         42
  C:215CH         LINE#         43
  C:215CH         LINE#         44
  C:2168H         LINE#         45
  C:2168H         LINE#         46
  C:216BH         LINE#         47
  C:2176H         LINE#         48
  C:217DH         LINE#         49
  C:217FH         LINE#         50
  C:217FH         LINE#         51
  C:2182H         LINE#         52
  C:2189H         LINE#         53
  C:2195H         LINE#         54
  -------         ENDPROC       MAIN
BL51 BANKED LINKER/LOCATER V6.22.2.0                                                  02/27/2021  22:04:45  PAGE 9


  -------         ENDMOD        MAIN

  -------         MODULE        DELAY
  C:0000H         SYMBOL        _ICE_DUMMY_
  D:0080H         PUBLIC        P0
  D:0090H         PUBLIC        P1
  D:00A0H         PUBLIC        P2
  D:00B0H         PUBLIC        P3
  D:00C0H         PUBLIC        P4
  D:00C8H         PUBLIC        P5
  D:00E8H         PUBLIC        P6
  D:00F8H         PUBLIC        P7
  D:00A8H         PUBLIC        IE
  C:2A15H         PUBLIC        _Delay_Ms
  D:00B8H         PUBLIC        IP
  C:2AF1H         PUBLIC        _Delay_Us
  D:00D8H         PUBLIC        CCON
  D:0098H         PUBLIC        SCON
  D:0088H         PUBLIC        TCON
  D:00D0H         PUBLIC        PSW
  -------         PROC          _DELAY_US
  D:0006H         SYMBOL        i
  C:2AF1H         LINE#         3
  C:2AF1H         LINE#         4
  C:2AF1H         LINE#         5
  C:2AFAH         LINE#         6
  -------         ENDPROC       _DELAY_US
  -------         PROC          _DELAY_MS
  D:0004H         SYMBOL        m
  C:2A15H         LINE#         8
  C:2A19H         LINE#         9
  C:2A19H         LINE#         10
  C:2A23H         LINE#         11
  C:2A23H         LINE#         12
  C:2A2AH         LINE#         13
  C:2A2CH         LINE#         14
  -------         ENDPROC       _DELAY_MS
  -------         ENDMOD        DELAY

  -------         MODULE        FPM10A
  C:0000H         SYMBOL        _ICE_DUMMY_
  D:0080H         PUBLIC        P0
  D:0090H         PUBLIC        P1
  D:00A0H         PUBLIC        P2
  D:00B0H         PUBLIC        P3
  D:00C0H         PUBLIC        P4
  D:00C8H         PUBLIC        P5
  D:00E8H         PUBLIC        P6
  D:00F8H         PUBLIC        P7
  C:1A4BH         PUBLIC        FPM10A_Get_Img
  C:2783H         PUBLIC        _FPM10A_Receive_Data
  C:1A81H         PUBLIC        FPM10A_Delete_All_Model
  D:00A8H         PUBLIC        IE
  C:1C4CH         PUBLIC        Device_Check
  D:00B8H         PUBLIC        IP
  C:1A6DH         PUBLIC        FPM10A_Img_To_Buffer1
  C:1A74H         PUBLIC        FPM10A_Img_To_Buffer2
BL51 BANKED LINKER/LOCATER V6.22.2.0                                                  02/27/2021  22:04:45  PAGE 10


  C:1A51H         PUBLIC        FPM10A_Get_Templete_Count
  C:2676H         PUBLIC        FPM10A_Cmd_Send_Pack_Head
  D:00D8H         PUBLIC        CCON
  B:00C0H.1       PUBLIC        lock
  X:0000H         PUBLIC        count
  X:0001H         PUBLIC        finger_id
  C:2042H         PUBLIC        _FPM10A_Cmd_Save_Finger
  D:0098H         PUBLIC        SCON
  D:0088H         PUBLIC        TCON
  B:00E8H.1       PUBLIC        P61
  X:0003H         PUBLIC        FPM10A_Save_Finger
  C:1A45H         PUBLIC        FPM10A_Pack_Head
  C:1A3BH         PUBLIC        FPM10A_Get_Device
  C:2571H         PUBLIC        FPM10A_Cmd_Check
  C:1A57H         PUBLIC        FPM10A_Search
  C:1A87H         SYMBOL        _?ix1000
  C:24E2H         PUBLIC        FINGERPRINT_Cmd_Delete_All_Model
  C:2881H         PUBLIC        FPM10A_Cmd_Reg_Model
  C:2831H         PUBLIC        FINGERPRINT_Cmd_Img_To_Buffer1
  C:2499H         PUBLIC        FINGERPRINT_Cmd_Img_To_Buffer2
  C:1A7BH         PUBLIC        FPM10A_Reg_Model
  C:1327H         PUBLIC        FPM10A_Find_Fingerprint
  C:1A62H         PUBLIC        FPM10A_Search_0_9
  C:2859H         PUBLIC        FPM10A_Cmd_Search_Finger
  X:000CH         PUBLIC        FPM10A_RECEICE_BUFFER
  D:00D0H         PUBLIC        PSW
  C:2809H         PUBLIC        FPM10A_Cmd_Get_Img
  -------         PROC          FPM10A_CMD_SEND_PACK_HEAD
  -------         DO            
  X:0083H         SYMBOL        i
  -------         ENDDO         
  C:2676H         LINE#         34
  C:2676H         LINE#         35
  C:2676H         LINE#         37
  C:268FH         LINE#         38
  C:268FH         LINE#         39
  C:269FH         LINE#         40
  C:26AFH         LINE#         41
  -------         ENDPROC       FPM10A_CMD_SEND_PACK_HEAD
  -------         PROC          FPM10A_CMD_CHECK
  -------         DO            
  X:007EH         SYMBOL        i
  -------         ENDDO         
  C:2571H         LINE#         43
  C:2571H         LINE#         44
  C:2571H         LINE#         45
  C:2578H         LINE#         46
  C:257BH         LINE#         47
  C:2594H         LINE#         48
  C:2594H         LINE#         49
  C:25A4H         LINE#         50
  C:25B4H         LINE#         51
  -------         ENDPROC       FPM10A_CMD_CHECK
  -------         PROC          _FPM10A_RECEIVE_DATA
  X:0082H         SYMBOL        ucLength
  -------         DO            
  X:0083H         SYMBOL        i
BL51 BANKED LINKER/LOCATER V6.22.2.0                                                  02/27/2021  22:04:45  PAGE 11


  -------         ENDDO         
  C:2783H         LINE#         53
  C:2788H         LINE#         54
  C:2788H         LINE#         57
  C:2796H         LINE#         58
  C:27B0H         LINE#         60
  -------         ENDPROC       _FPM10A_RECEIVE_DATA
  -------         PROC          FPM10A_CMD_GET_IMG
  -------         DO            
  X:0082H         SYMBOL        i
  -------         ENDDO         
  C:2809H         LINE#         63
  C:2809H         LINE#         64
  C:2809H         LINE#         66
  C:280CH         LINE#         67
  C:281FH         LINE#         68
  C:281FH         LINE#         69
  C:2828H         LINE#         70
  C:2830H         LINE#         71
  -------         ENDPROC       FPM10A_CMD_GET_IMG
  -------         PROC          FINGERPRINT_CMD_IMG_TO_BUFFER1
  -------         DO            
  X:0082H         SYMBOL        i
  -------         ENDDO         
  C:2831H         LINE#         73
  C:2831H         LINE#         74
  C:2831H         LINE#         76
  C:2834H         LINE#         77
  C:2847H         LINE#         78
  C:2847H         LINE#         79
  C:2850H         LINE#         80
  C:2858H         LINE#         81
  -------         ENDPROC       FINGERPRINT_CMD_IMG_TO_BUFFER1
  -------         PROC          FINGERPRINT_CMD_IMG_TO_BUFFER2
  -------         DO            
  X:00A8H         SYMBOL        i
  -------         ENDDO         
  C:2499H         LINE#         83
  C:2499H         LINE#         84
  C:2499H         LINE#         86
  C:24ACH         LINE#         87
  C:24ACH         LINE#         88
  C:24B5H         LINE#         89
  C:24BDH         LINE#         90
  C:24D0H         LINE#         91
  C:24D0H         LINE#         92
  C:24D9H         LINE#         93
  C:24E1H         LINE#         94
  -------         ENDPROC       FINGERPRINT_CMD_IMG_TO_BUFFER2
  -------         PROC          FPM10A_CMD_SEARCH_FINGER
  -------         DO            
  X:0082H         SYMBOL        i
  -------         ENDDO         
  C:2859H         LINE#         96
  C:2859H         LINE#         97
  C:2859H         LINE#         99
  C:285CH         LINE#         100
BL51 BANKED LINKER/LOCATER V6.22.2.0                                                  02/27/2021  22:04:45  PAGE 12


  C:286FH         LINE#         101
  C:286FH         LINE#         102
  C:2878H         LINE#         103
  C:2880H         LINE#         104
  -------         ENDPROC       FPM10A_CMD_SEARCH_FINGER
  -------         PROC          FPM10A_CMD_REG_MODEL
  -------         DO            
  X:00A9H         SYMBOL        i
  -------         ENDDO         
  C:2881H         LINE#         106
  C:2881H         LINE#         107
  C:2881H         LINE#         110
  C:2884H         LINE#         112
  C:2897H         LINE#         113
  C:2897H         LINE#         114
  C:28A0H         LINE#         115
  C:28A8H         LINE#         118
  -------         ENDPROC       FPM10A_CMD_REG_MODEL
  -------         PROC          FINGERPRINT_CMD_DELETE_ALL_MODEL
  -------         DO            
  X:00AAH         SYMBOL        i
  -------         ENDDO         
  C:24E2H         LINE#         120
  C:24E2H         LINE#         121
  C:24E2H         LINE#         123
  C:24F5H         LINE#         124
  C:2506H         LINE#         125
  C:2519H         LINE#         126
  C:2519H         LINE#         127
  C:2522H         LINE#         128
  C:252AH         LINE#         129
  -------         ENDPROC       FINGERPRINT_CMD_DELETE_ALL_MODEL
  -------         PROC          _FPM10A_CMD_SAVE_FINGER
  D:0002H         SYMBOL        storeID
  -------         DO            
  X:009AH         SYMBOL        temp
  X:009EH         SYMBOL        i
  -------         ENDDO         
  C:2042H         LINE#         131
  C:2046H         LINE#         132
  C:2046H         LINE#         133
  C:2050H         LINE#         135
  C:2055H         LINE#         136
  C:2058H         LINE#         137
  C:206AH         LINE#         138
  C:20A3H         LINE#         139
  C:20BAH         LINE#         140
  C:20CDH         LINE#         141
  C:20D0H         LINE#         142
  C:20E3H         LINE#         143
  C:20FAH         LINE#         144
  -------         ENDPROC       _FPM10A_CMD_SAVE_FINGER
  -------         PROC          FPM10A_FIND_FINGERPRINT
  -------         DO            
  X:007DH         SYMBOL        find_fingerid
  X:007FH         SYMBOL        id_show
  -------         ENDDO         
BL51 BANKED LINKER/LOCATER V6.22.2.0                                                  02/27/2021  22:04:45  PAGE 13


  C:1327H         LINE#         252
  C:1327H         LINE#         253
  C:1327H         LINE#         254
  C:132EH         LINE#         255
  C:1340H         LINE#         256
  C:1347H         LINE#         257
  C:134AH         LINE#         258
  C:1355H         LINE#         259
  C:135CH         LINE#         261
  C:135CH         LINE#         262
  C:135FH         LINE#         263
  C:1362H         LINE#         265
  C:1367H         LINE#         269
  C:1370H         LINE#         270
  C:1370H         LINE#         271
  C:1376H         LINE#         272
  C:1379H         LINE#         273
  C:137EH         LINE#         274
  C:1381H         LINE#         275
  C:1386H         LINE#         276
  C:138FH         LINE#         277
  C:138FH         LINE#         278
  C:1392H         LINE#         279
  C:139DH         LINE#         280
  C:13A8H         LINE#         281
  C:13AFH         LINE#         282
  C:13B6H         LINE#         283
  C:13B9H         LINE#         284
  C:13C4H         LINE#         285
  C:13CBH         LINE#         286
  C:13CEH         LINE#         287
  C:13D0H         LINE#         288
  C:13D2H         LINE#         289
  C:13D5H         LINE#         293
  C:13EAH         LINE#         294
  C:13FDH         LINE#         295
  C:141AH         LINE#         296
  C:1428H         LINE#         297
  C:1433H         LINE#         298
  C:1438H         LINE#         299
  C:1442H         LINE#         300
  C:1447H         LINE#         301
  C:1451H         LINE#         302
  C:1456H         LINE#         303
  C:1460H         LINE#         304
  C:1467H         LINE#         306
  C:146EH         LINE#         307
  C:146EH         LINE#         308
  C:146EH         LINE#         309
  C:146EH         LINE#         310
  C:1471H         LINE#         311
  C:147CH         LINE#         312
  C:1487H         LINE#         316
  C:148EH         LINE#         317
  C:1491H         LINE#         318
  C:149CH         LINE#         319
  C:149CH         LINE#         320
BL51 BANKED LINKER/LOCATER V6.22.2.0                                                  02/27/2021  22:04:45  PAGE 14


  C:14A7H         LINE#         321
  C:14AEH         LINE#         322
  C:14BAH         LINE#         323
  C:14BDH         LINE#         324
  C:14BDH         LINE#         325
  C:14C9H         LINE#         326
  C:14C9H         LINE#         328
  C:14CAH         LINE#         329
  C:14CAH         LINE#         330
  C:14CAH         LINE#         331
  C:14CAH         LINE#         332
  C:14CAH         LINE#         334
  C:14CAH         LINE#         335
  C:14D9H         LINE#         336
  -------         ENDPROC       FPM10A_FIND_FINGERPRINT
  -------         PROC          DEVICE_CHECK
  -------         DO            
  X:007DH         SYMBOL        i
  -------         ENDDO         
  C:1C4CH         LINE#         364
  C:1C4CH         LINE#         365
  C:1C4CH         LINE#         366
  C:1C51H         LINE#         367
  C:1C56H         LINE#         368
  C:1C59H         LINE#         369
  C:1C64H         LINE#         370
  C:1C6BH         LINE#         371
  C:1C7EH         LINE#         372
  C:1C7EH         LINE#         373
  C:1C87H         LINE#         374
  C:1C8EH         LINE#         375
  C:1C96H         LINE#         376
  C:1CA1H         LINE#         377
  C:1CA4H         LINE#         378
  C:1CA9H         LINE#         379
  C:1CAFH         LINE#         381
  C:1CAFH         LINE#         382
  C:1CB2H         LINE#         383
  C:1CBDH         LINE#         385
  C:1CC4H         LINE#         387
  C:1CC7H         LINE#         388
  C:1CD2H         LINE#         389
  C:1CDDH         LINE#         390
  C:1CE4H         LINE#         391
  C:1CEFH         LINE#         392
  C:1CF6H         LINE#         393
  C:1D09H         LINE#         394
  C:1D09H         LINE#         395
  C:1D12H         LINE#         396
  C:1D19H         LINE#         397
  C:1D21H         LINE#         399
  C:1D28H         LINE#         400
  C:1D28H         LINE#         401
  -------         ENDPROC       DEVICE_CHECK
  -------         ENDMOD        FPM10A

  -------         MODULE        LCD_12864
BL51 BANKED LINKER/LOCATER V6.22.2.0                                                  02/27/2021  22:04:45  PAGE 15


  C:0000H         SYMBOL        _ICE_DUMMY_
  X:008EH         PUBLIC        Main_Menu
  D:0080H         PUBLIC        P0
  D:0090H         PUBLIC        P1
  D:00A0H         PUBLIC        P2
  D:00B0H         PUBLIC        P3
  C:29C4H         PUBLIC        _Write_Cmd
  D:00C0H         PUBLIC        P4
  D:00C8H         PUBLIC        P5
  D:00E8H         PUBLIC        P6
  C:2ACFH         PUBLIC        ClrScreen
  D:00F8H         PUBLIC        P7
  D:00A8H         PUBLIC        IE
  X:0092H         PUBLIC        local_date
  D:00B8H         PUBLIC        IP
  X:0093H         PUBLIC        base_date
  D:00D8H         PUBLIC        CCON
  B:00B0H.5       PUBLIC        RS
  B:00B0H.6       PUBLIC        RW
  D:0098H         PUBLIC        SCON
  D:0088H         PUBLIC        TCON
  C:28F4H         PUBLIC        DisplayUpdata
  B:00B0H.7       PUBLIC        E
  C:25F6H         PUBLIC        _DisplayCGRAM
  B:00C0H.6       PUBLIC        PSB
  C:2A5AH         PUBLIC        Check_Busy
  C:29DFH         PUBLIC        _Write_Data
  C:22ACH         PUBLIC        _LCD_PutString
  B:00C0H.7       PUBLIC        RES
  C:2381H         PUBLIC        Init_ST7920
  D:00D0H         PUBLIC        PSW
  -------         PROC          CHECK_BUSY
  C:2A5AH         LINE#         17
  C:2A5AH         LINE#         18
  C:2A5AH         LINE#         19
  C:2A5CH         LINE#         20
  C:2A5EH         LINE#         21
  C:2A60H         LINE#         22
  C:2A63H         LINE#         23
  C:2A6BH         LINE#         24
  C:2A6DH         LINE#         25
  -------         ENDPROC       CHECK_BUSY
  -------         PROC          _WRITE_CMD
  D:0007H         SYMBOL        Cmd
  C:29C4H         LINE#         29
  C:29C4H         LINE#         30
  C:29C4H         LINE#         31
  C:29C7H         LINE#         32
  C:29C9H         LINE#         33
  C:29CBH         LINE#         34
  C:29CDH         LINE#         35
  C:29CFH         LINE#         36
  C:29D6H         LINE#         37
  C:29D8H         LINE#         38
  -------         ENDPROC       _WRITE_CMD
  -------         PROC          _WRITE_DATA
  D:0007H         SYMBOL        Data
BL51 BANKED LINKER/LOCATER V6.22.2.0                                                  02/27/2021  22:04:45  PAGE 16


  C:29DFH         LINE#         43
  C:29DFH         LINE#         44
  C:29DFH         LINE#         45
  C:29E2H         LINE#         46
  C:29E4H         LINE#         47
  C:29E6H         LINE#         48
  C:29E8H         LINE#         49
  C:29EAH         LINE#         50
  C:29F1H         LINE#         51
  C:29F3H         LINE#         52
  -------         ENDPROC       _WRITE_DATA
  -------         PROC          INIT_ST7920
  C:2381H         LINE#         57
  C:2381H         LINE#         58
  C:2381H         LINE#         59
  C:2388H         LINE#         60
  C:238AH         LINE#         61
  C:2391H         LINE#         62
  C:2393H         LINE#         63
  C:239AH         LINE#         64
  C:239CH         LINE#         65
  C:23A3H         LINE#         66
  C:23A8H         LINE#         67
  C:23AFH         LINE#         68
  C:23B4H         LINE#         69
  C:23BBH         LINE#         70
  C:23C0H         LINE#         71
  C:23C7H         LINE#         72
  C:23CCH         LINE#         73
  C:23D3H         LINE#         74
  C:23D8H         LINE#         75
  -------         ENDPROC       INIT_ST7920
  -------         PROC          _DISPLAYCGRAM
  X:00ABH         SYMBOL        x
  D:0005H         SYMBOL        y
  C:25F6H         LINE#         94
  C:25FBH         LINE#         95
  C:25FBH         LINE#         96
  C:260AH         LINE#         97
  C:260AH         LINE#         98
  C:2612H         LINE#         99
  C:261AH         LINE#         100
  C:2622H         LINE#         101
  C:262CH         LINE#         102
  C:262CH         LINE#         103
  C:262CH         LINE#         104
  C:2631H         LINE#         105
  -------         ENDPROC       _DISPLAYCGRAM
  -------         PROC          _LCD_PUTSTRING
  X:0082H         SYMBOL        x
  D:0005H         SYMBOL        y
  X:0083H         SYMBOL        s
  C:22ACH         LINE#         113
  C:22B7H         LINE#         114
  C:22B7H         LINE#         115
  C:22C6H         LINE#         116
  C:22C6H         LINE#         117
BL51 BANKED LINKER/LOCATER V6.22.2.0                                                  02/27/2021  22:04:45  PAGE 17


  C:22CEH         LINE#         118
  C:22D6H         LINE#         119
  C:22DEH         LINE#         120
  C:22E8H         LINE#         121
  C:22E8H         LINE#         122
  C:22E8H         LINE#         123
  C:22FFH         LINE#         124
  C:22FFH         LINE#         125
  C:2302H         LINE#         126
  C:2310H         LINE#         127
  C:2317H         LINE#         128
  C:2319H         LINE#         129
  -------         ENDPROC       _LCD_PUTSTRING
  -------         PROC          CLRSCREEN
  C:2ACFH         LINE#         133
  C:2ACFH         LINE#         134
  C:2ACFH         LINE#         135
  C:2AD4H         LINE#         136
  -------         ENDPROC       CLRSCREEN
  -------         PROC          DISPLAYUPDATA
  C:28F4H         LINE#         139
  C:28F4H         LINE#         140
  C:28F4H         LINE#         141
  C:28F7H         LINE#         142
  C:2906H         LINE#         143
  -------         ENDPROC       DISPLAYUPDATA
  -------         ENDMOD        LCD_12864

  -------         MODULE        LED
  C:0000H         SYMBOL        _ICE_DUMMY_
  D:0080H         PUBLIC        P0
  D:0090H         PUBLIC        P1
  D:00A0H         PUBLIC        P2
  D:00B0H         PUBLIC        P3
  D:00C0H         PUBLIC        P4
  D:00C8H         PUBLIC        P5
  D:00E8H         PUBLIC        P6
  D:00F8H         PUBLIC        P7
  C:2B0EH         PUBLIC        Led_Green_On
  C:2B09H         PUBLIC        Led_Init
  D:00A8H         PUBLIC        IE
  C:2B17H         PUBLIC        Led_Red_Off
  D:00B8H         PUBLIC        IP
  D:00D8H         PUBLIC        CCON
  B:00E8H.0       PUBLIC        led_green
  C:2B14H         PUBLIC        Led_Red_On
  D:0098H         PUBLIC        SCON
  D:0088H         PUBLIC        TCON
  B:00E8H.1       PUBLIC        led_red
  C:2B11H         PUBLIC        Led_Green_Off
  D:00D0H         PUBLIC        PSW
  -------         PROC          LED_INIT
  C:2B09H         LINE#         4
  C:2B09H         LINE#         5
  C:2B09H         LINE#         6
  C:2B0BH         LINE#         7
  C:2B0DH         LINE#         8
BL51 BANKED LINKER/LOCATER V6.22.2.0                                                  02/27/2021  22:04:45  PAGE 18


  -------         ENDPROC       LED_INIT
  -------         PROC          LED_GREEN_ON
  C:2B0EH         LINE#         9
  C:2B0EH         LINE#         10
  C:2B0EH         LINE#         11
  C:2B10H         LINE#         12
  -------         ENDPROC       LED_GREEN_ON
  -------         PROC          LED_GREEN_OFF
  C:2B11H         LINE#         13
  C:2B11H         LINE#         14
  C:2B11H         LINE#         15
  C:2B13H         LINE#         16
  -------         ENDPROC       LED_GREEN_OFF
  -------         PROC          LED_RED_ON
  C:2B14H         LINE#         18
  C:2B14H         LINE#         19
  C:2B14H         LINE#         20
  C:2B16H         LINE#         21
  -------         ENDPROC       LED_RED_ON
  -------         PROC          LED_RED_OFF
  C:2B17H         LINE#         22
  C:2B17H         LINE#         23
  C:2B17H         LINE#         24
  C:2B19H         LINE#         25
  -------         ENDPROC       LED_RED_OFF
  -------         ENDMOD        LED

  -------         MODULE        UART
  C:0000H         SYMBOL        _ICE_DUMMY_
  D:0080H         PUBLIC        P0
  D:0090H         PUBLIC        P1
  D:00A0H         PUBLIC        P2
  C:2ADBH         PUBLIC        _Uart_Send_Byte
  D:00B0H         PUBLIC        P3
  D:00C0H         PUBLIC        P4
  D:00C8H         PUBLIC        P5
  D:00E8H         PUBLIC        P6
  D:00F8H         PUBLIC        P7
  D:00BAH         PUBLIC        P_SW2
  D:00A8H         PUBLIC        IE
  C:2A44H         PUBLIC        Uart_Init
  D:00B8H         PUBLIC        IP
  D:00D8H         PUBLIC        CCON
  D:0098H         PUBLIC        SCON
  D:0088H         PUBLIC        TCON
  C:2AE6H         PUBLIC        Uart_Receive_Byte
  D:008EH         PUBLIC        AUXR
  D:00D6H         PUBLIC        T2H
  D:00D7H         PUBLIC        T2L
  D:0085H         PUBLIC        S4BUF
  D:0084H         PUBLIC        S4CON
  D:00D0H         PUBLIC        PSW
  -------         PROC          UART_INIT
  C:2A44H         LINE#         5
  C:2A44H         LINE#         6
  C:2A44H         LINE#         7
  C:2A47H         LINE#         8
BL51 BANKED LINKER/LOCATER V6.22.2.0                                                  02/27/2021  22:04:45  PAGE 19


  C:2A4AH         LINE#         9
  C:2A4DH         LINE#         10
  C:2A50H         LINE#         11
  C:2A53H         LINE#         12
  C:2A56H         LINE#         13
  C:2A59H         LINE#         14
  -------         ENDPROC       UART_INIT
  -------         PROC          _UART_SEND_BYTE
  D:0007H         SYMBOL        c
  C:2ADBH         LINE#         17
  C:2ADBH         LINE#         18
  C:2ADBH         LINE#         19
  C:2ADDH         LINE#         20
  C:2AE2H         LINE#         21
  C:2AE5H         LINE#         22
  -------         ENDPROC       _UART_SEND_BYTE
  -------         PROC          UART_RECEIVE_BYTE
  -------         DO            
  D:0007H         SYMBOL        dat
  -------         ENDDO         
  C:2AE6H         LINE#         24
  C:2AE6H         LINE#         25
  C:2AE6H         LINE#         27
  C:2AEBH         LINE#         28
  C:2AEEH         LINE#         29
  C:2AF0H         LINE#         30
  C:2AF0H         LINE#         31
  -------         ENDPROC       UART_RECEIVE_BYTE
  -------         ENDMOD        UART

  -------         MODULE        KEYBOARD
  C:0000H         SYMBOL        _ICE_DUMMY_
  D:0080H         PUBLIC        P0
  D:0090H         PUBLIC        P1
  D:00A0H         PUBLIC        P2
  D:00B0H         PUBLIC        P3
  D:00C0H         PUBLIC        P4
  D:00C8H         PUBLIC        P5
  X:002CH         PUBLIC        length
  D:00E8H         PUBLIC        P6
  D:00F8H         PUBLIC        P7
  D:00A8H         PUBLIC        IE
  D:00B8H         PUBLIC        IP
  C:03ECH         PUBLIC        management
  D:00D8H         PUBLIC        CCON
  C:0AB6H         PUBLIC        keyscan2
  C:0DA9H         PUBLIC        keyscan3
  X:002EH         PUBLIC        password1
  X:0036H         PUBLIC        password2
  X:003AH         PUBLIC        KeyValue
  B:00C0H.1       PUBLIC        lock
  X:003CH         PUBLIC        password3
  X:0040H         PUBLIC        password4
  C:0006H         PUBLIC        KeyScan
  D:0098H         PUBLIC        SCON
  D:0088H         PUBLIC        TCON
  B:00E8H.0       PUBLIC        P60
BL51 BANKED LINKER/LOCATER V6.22.2.0                                                  02/27/2021  22:04:45  PAGE 20


  B:00E8H.1       PUBLIC        P61
  B:00C8H.5       PUBLIC        P55
  C:14DAH         PUBLIC        KeyDown
  X:0044H         PUBLIC        passwordM
  C:07C3H         PUBLIC        KeyScan_M
  X:0048H         PUBLIC        a
  X:004AH         PUBLIC        d
  X:004CH         PUBLIC        i
  X:004EH         PUBLIC        m
  X:0050H         PUBLIC        n
  D:00D0H         PUBLIC        PSW
  X:0052H         PUBLIC        key1
  X:0054H         PUBLIC        key2
  X:0056H         PUBLIC        key3
  -------         PROC          KEYDOWN
  -------         DO            
  X:0082H         SYMBOL        jgtime
  X:0084H         SYMBOL        KeyValue
  -------         ENDDO         
  C:14DAH         LINE#         29
  C:14DAH         LINE#         30
  C:14DAH         LINE#         31
  C:14E9H         LINE#         33
  C:14ECH         LINE#         34
  C:14F4H         LINE#         35
  C:14F4H         LINE#         36
  C:14FFH         LINE#         37
  C:1507H         LINE#         38
  C:1507H         LINE#         39
  C:151BH         LINE#         40
  C:151BH         LINE#         41
  C:1526H         LINE#         42
  C:1531H         LINE#         43
  C:153CH         LINE#         44
  C:1544H         LINE#         45
  C:1544H         LINE#         46
  C:1544H         LINE#         47
  C:1544H         LINE#         49
  C:1547H         LINE#         50
  C:154FH         LINE#         51
  C:154FH         LINE#         52
  C:155AH         LINE#         53
  C:1562H         LINE#         54
  C:1562H         LINE#         55
  C:1576H         LINE#         56
  C:1576H         LINE#         57
  C:157FH         LINE#         58
  C:158AH         LINE#         59
  C:1595H         LINE#         60
  C:159EH         LINE#         61
  C:159EH         LINE#         62
  C:159EH         LINE#         63
  C:159EH         LINE#         65
  C:15A1H         LINE#         66
  C:15A9H         LINE#         67
  C:15A9H         LINE#         68
  C:15B4H         LINE#         69
BL51 BANKED LINKER/LOCATER V6.22.2.0                                                  02/27/2021  22:04:45  PAGE 21


  C:15BCH         LINE#         70
  C:15BCH         LINE#         71
  C:15D0H         LINE#         72
  C:15D0H         LINE#         73
  C:15DBH         LINE#         74
  C:15E6H         LINE#         75
  C:15F1H         LINE#         76
  C:15FAH         LINE#         77
  C:15FAH         LINE#         78
  C:15FAH         LINE#         79
  C:15FAH         LINE#         81
  C:15FDH         LINE#         82
  C:1605H         LINE#         83
  C:1605H         LINE#         84
  C:1610H         LINE#         85
  C:1618H         LINE#         86
  C:1618H         LINE#         87
  C:162CH         LINE#         88
  C:162CH         LINE#         89
  C:1637H         LINE#         90
  C:1642H         LINE#         91
  C:164DH         LINE#         92
  C:1656H         LINE#         93
  C:1656H         LINE#         94
  C:1656H         LINE#         95
  C:1656H         LINE#         96
  C:165EH         LINE#         97
  -------         ENDPROC       KEYDOWN
  -------         PROC          KEYSCAN
  C:0006H         LINE#         101
  C:0006H         LINE#         103
  C:0042H         LINE#         105
  C:0042H         LINE#         107
  C:0051H         LINE#         108
  C:0058H         LINE#         109
  C:0066H         LINE#         110
  C:0080H         LINE#         111
  C:0083H         LINE#         112
  C:0083H         LINE#         113
  C:0092H         LINE#         114
  C:0099H         LINE#         115
  C:00A7H         LINE#         116
  C:00C1H         LINE#         117
  C:00C4H         LINE#         118
  C:00C4H         LINE#         119
  C:00D3H         LINE#         120
  C:00DAH         LINE#         121
  C:00E8H         LINE#         122
  C:0102H         LINE#         123
  C:0105H         LINE#         124
  C:0105H         LINE#         125
  C:0105H         LINE#         126
  C:0114H         LINE#         127
  C:011BH         LINE#         128
  C:0129H         LINE#         129
  C:0143H         LINE#         130
  C:0146H         LINE#         131
BL51 BANKED LINKER/LOCATER V6.22.2.0                                                  02/27/2021  22:04:45  PAGE 22


  C:0146H         LINE#         132
  C:0155H         LINE#         133
  C:015CH         LINE#         134
  C:016AH         LINE#         135
  C:0184H         LINE#         136
  C:0187H         LINE#         137
  C:0187H         LINE#         138
  C:0196H         LINE#         139
  C:019DH         LINE#         140
  C:01ABH         LINE#         141
  C:01C5H         LINE#         142
  C:01C8H         LINE#         143
  C:01C8H         LINE#         144
  C:01C8H         LINE#         145
  C:01D7H         LINE#         146
  C:01DEH         LINE#         147
  C:01ECH         LINE#         148
  C:0206H         LINE#         149
  C:0209H         LINE#         150
  C:0209H         LINE#         151
  C:0218H         LINE#         152
  C:021FH         LINE#         153
  C:022DH         LINE#         154
  C:0238H         LINE#         155
  C:0262H         LINE#         156
  C:0262H         LINE#         157
  C:0271H         LINE#         158
  C:0278H         LINE#         159
  C:0286H         LINE#         160
  C:02AAH         LINE#         161
  C:02ACH         LINE#         162
  C:02ACH         LINE#         163
  C:02ACH         LINE#         164
  C:02BBH         LINE#         165
  C:02C2H         LINE#         166
  C:02D0H         LINE#         167
  C:02DBH         LINE#         168
  C:02F8H         LINE#         169
  C:02F8H         LINE#         177
  C:02F8H         LINE#         178
  C:02F8H         LINE#         179
  C:02F8H         LINE#         181
  C:02F8H         LINE#         185
  C:030AH         LINE#         187
  C:030EH         LINE#         188
  C:0316H         LINE#         189
  C:0339H         LINE#         190
  C:0339H         LINE#         191
  C:036DH         LINE#         192
  C:036FH         LINE#         193
  C:0372H         LINE#         194
  C:037DH         LINE#         195
  C:0380H         LINE#         196
  C:0382H         LINE#         197
  C:0384H         LINE#         198
  C:0386H         LINE#         199
  C:038EH         LINE#         201
BL51 BANKED LINKER/LOCATER V6.22.2.0                                                  02/27/2021  22:04:45  PAGE 23


  C:039FH         LINE#         202
  C:03A9H         LINE#         203
  C:03ACH         LINE#         204
  C:03B7H         LINE#         205
  C:03BAH         LINE#         206
  C:03C1H         LINE#         207
  C:03CCH         LINE#         208
  C:03D3H         LINE#         210
  C:03D6H         LINE#         211
  C:03E1H         LINE#         213
  C:03E1H         LINE#         214
  C:03EBH         LINE#         215
  C:03EBH         LINE#         216
  -------         ENDPROC       KEYSCAN
  -------         PROC          KEYSCAN_M
  C:07C3H         LINE#         221
  C:07C3H         LINE#         223
  C:07FFH         LINE#         225
  C:07FFH         LINE#         227
  C:080EH         LINE#         228
  C:0815H         LINE#         229
  C:0823H         LINE#         230
  C:083DH         LINE#         231
  C:0840H         LINE#         232
  C:0840H         LINE#         233
  C:084FH         LINE#         234
  C:0856H         LINE#         235
  C:0864H         LINE#         236
  C:087EH         LINE#         237
  C:0881H         LINE#         238
  C:0881H         LINE#         239
  C:0890H         LINE#         240
  C:0897H         LINE#         241
  C:08A5H         LINE#         242
  C:08BFH         LINE#         243
  C:08C2H         LINE#         244
  C:08C2H         LINE#         245
  C:08C2H         LINE#         246
  C:08D1H         LINE#         247
  C:08D8H         LINE#         248
  C:08E6H         LINE#         249
  C:0900H         LINE#         250
  C:0903H         LINE#         251
  C:0903H         LINE#         252
  C:0912H         LINE#         253
  C:0919H         LINE#         254
  C:0927H         LINE#         255
  C:0941H         LINE#         256
  C:0944H         LINE#         257
  C:0944H         LINE#         258
  C:0953H         LINE#         259
  C:095AH         LINE#         260
  C:0968H         LINE#         261
  C:0982H         LINE#         262
  C:0985H         LINE#         263
  C:0985H         LINE#         264
  C:0985H         LINE#         265
BL51 BANKED LINKER/LOCATER V6.22.2.0                                                  02/27/2021  22:04:45  PAGE 24


  C:0994H         LINE#         266
  C:099BH         LINE#         267
  C:09A9H         LINE#         268
  C:09C3H         LINE#         269
  C:09C6H         LINE#         270
  C:09C6H         LINE#         271
  C:09D5H         LINE#         272
  C:09DCH         LINE#         273
  C:09EAH         LINE#         274
  C:09F5H         LINE#         275
  C:0A1FH         LINE#         276
  C:0A1FH         LINE#         277
  C:0A2EH         LINE#         278
  C:0A35H         LINE#         279
  C:0A43H         LINE#         280
  C:0A67H         LINE#         281
  C:0A69H         LINE#         282
  C:0A69H         LINE#         283
  C:0A69H         LINE#         284
  C:0A78H         LINE#         285
  C:0A7FH         LINE#         286
  C:0A8DH         LINE#         287
  C:0A98H         LINE#         288
  C:0AB5H         LINE#         289
  C:0AB5H         LINE#         297
  C:0AB5H         LINE#         298
  C:0AB5H         LINE#         299
  C:0AB5H         LINE#         301
  C:0AB5H         LINE#         306
  -------         ENDPROC       KEYSCAN_M
  -------         PROC          KEYSCAN2
  C:0AB6H         LINE#         309
  C:0AB6H         LINE#         310
  C:0AB6H         LINE#         313
  C:0AF2H         LINE#         315
  C:0AF2H         LINE#         317
  C:0B01H         LINE#         318
  C:0B08H         LINE#         319
  C:0B16H         LINE#         320
  C:0B30H         LINE#         321
  C:0B33H         LINE#         322
  C:0B33H         LINE#         323
  C:0B42H         LINE#         324
  C:0B49H         LINE#         325
  C:0B57H         LINE#         326
  C:0B71H         LINE#         327
  C:0B74H         LINE#         328
  C:0B74H         LINE#         329
  C:0B83H         LINE#         330
  C:0B8AH         LINE#         331
  C:0B98H         LINE#         332
  C:0BB2H         LINE#         333
  C:0BB5H         LINE#         334
  C:0BB5H         LINE#         335
  C:0BB5H         LINE#         336
  C:0BC4H         LINE#         337
  C:0BCBH         LINE#         338
BL51 BANKED LINKER/LOCATER V6.22.2.0                                                  02/27/2021  22:04:45  PAGE 25


  C:0BD9H         LINE#         339
  C:0BF3H         LINE#         340
  C:0BF6H         LINE#         341
  C:0BF6H         LINE#         342
  C:0C05H         LINE#         343
  C:0C0CH         LINE#         344
  C:0C1AH         LINE#         345
  C:0C34H         LINE#         346
  C:0C37H         LINE#         347
  C:0C37H         LINE#         348
  C:0C46H         LINE#         349
  C:0C4DH         LINE#         350
  C:0C5BH         LINE#         351
  C:0C75H         LINE#         352
  C:0C78H         LINE#         353
  C:0C78H         LINE#         354
  C:0C78H         LINE#         355
  C:0C87H         LINE#         356
  C:0C8EH         LINE#         357
  C:0C9CH         LINE#         358
  C:0CB6H         LINE#         359
  C:0CB9H         LINE#         360
  C:0CB9H         LINE#         361
  C:0CC8H         LINE#         362
  C:0CCFH         LINE#         363
  C:0CDDH         LINE#         364
  C:0CE8H         LINE#         365
  C:0D12H         LINE#         366
  C:0D12H         LINE#         367
  C:0D21H         LINE#         368
  C:0D28H         LINE#         369
  C:0D36H         LINE#         370
  C:0D5AH         LINE#         371
  C:0D5CH         LINE#         372
  C:0D5CH         LINE#         373
  C:0D5CH         LINE#         374
  C:0D6BH         LINE#         375
  C:0D72H         LINE#         376
  C:0D80H         LINE#         377
  C:0D8BH         LINE#         378
  C:0DA8H         LINE#         379
  C:0DA8H         LINE#         387
  C:0DA8H         LINE#         388
  C:0DA8H         LINE#         389
  C:0DA8H         LINE#         391
  C:0DA8H         LINE#         396
  -------         ENDPROC       KEYSCAN2
  -------         PROC          KEYSCAN3
  C:0DA9H         LINE#         398
  C:0DA9H         LINE#         400
  C:0DE5H         LINE#         402
  C:0DE5H         LINE#         404
  C:0DF4H         LINE#         405
  C:0DFBH         LINE#         406
  C:0E09H         LINE#         407
  C:0E23H         LINE#         408
  C:0E26H         LINE#         409
BL51 BANKED LINKER/LOCATER V6.22.2.0                                                  02/27/2021  22:04:45  PAGE 26


  C:0E26H         LINE#         410
  C:0E35H         LINE#         411
  C:0E3CH         LINE#         412
  C:0E4AH         LINE#         413
  C:0E64H         LINE#         414
  C:0E67H         LINE#         415
  C:0E67H         LINE#         416
  C:0E76H         LINE#         417
  C:0E7DH         LINE#         418
  C:0E8BH         LINE#         419
  C:0EA5H         LINE#         420
  C:0EA8H         LINE#         421
  C:0EA8H         LINE#         422
  C:0EA8H         LINE#         423
  C:0EB7H         LINE#         424
  C:0EBEH         LINE#         425
  C:0ECCH         LINE#         426
  C:0EE6H         LINE#         427
  C:0EE9H         LINE#         428
  C:0EE9H         LINE#         429
  C:0EF8H         LINE#         430
  C:0EFFH         LINE#         431
  C:0F0DH         LINE#         432
  C:0F27H         LINE#         433
  C:0F2AH         LINE#         434
  C:0F2AH         LINE#         435
  C:0F39H         LINE#         436
  C:0F40H         LINE#         437
  C:0F4EH         LINE#         438
  C:0F68H         LINE#         439
  C:0F6BH         LINE#         440
  C:0F6BH         LINE#         441
  C:0F6BH         LINE#         442
  C:0F7AH         LINE#         443
  C:0F81H         LINE#         444
  C:0F8FH         LINE#         445
  C:0FA9H         LINE#         446
  C:0FACH         LINE#         447
  C:0FACH         LINE#         448
  C:0FBBH         LINE#         449
  C:0FC2H         LINE#         450
  C:0FD0H         LINE#         451
  C:0FDBH         LINE#         452
  C:1005H         LINE#         453
  C:1005H         LINE#         454
  C:1014H         LINE#         455
  C:101BH         LINE#         456
  C:1029H         LINE#         457
  C:104DH         LINE#         458
  C:104FH         LINE#         459
  C:104FH         LINE#         460
  C:104FH         LINE#         461
  C:105EH         LINE#         462
  C:1065H         LINE#         463
  C:1073H         LINE#         464
  C:107EH         LINE#         465
  C:109BH         LINE#         466
BL51 BANKED LINKER/LOCATER V6.22.2.0                                                  02/27/2021  22:04:45  PAGE 27


  C:109BH         LINE#         474
  C:109BH         LINE#         475
  C:109BH         LINE#         476
  C:109BH         LINE#         478
  C:109BH         LINE#         484
  -------         ENDPROC       KEYSCAN3
  -------         PROC          MANAGEMENT
  C:03ECH         LINE#         487
  C:03ECH         LINE#         488
  C:03ECH         LINE#         489
  C:03EFH         LINE#         490
  C:03FAH         LINE#         491
  C:0405H         LINE#         492
  C:0405H         LINE#         493
  C:0405H         LINE#         494
  C:0410H         LINE#         495
  C:0417H         LINE#         496
  C:041AH         LINE#         502
  C:0429H         LINE#         504
  C:042DH         LINE#         506
  C:044EH         LINE#         507
  C:0451H         LINE#         508
  C:045CH         LINE#         509
  C:0463H         LINE#         510
  C:0465H         LINE#         512
  C:0465H         LINE#         513
  C:0465H         LINE#         514
  C:0468H         LINE#         515
  C:0473H         LINE#         517
  C:047AH         LINE#         518
  C:0485H         LINE#         519
  C:048CH         LINE#         521
  C:048FH         LINE#         522
  C:049AH         LINE#         524
  C:049AH         LINE#         525
  C:04A4H         LINE#         526
  C:04A4H         LINE#         527
  C:04A7H         LINE#         528
  C:04B0H         LINE#         529
  C:04B3H         LINE#         530
  C:04BEH         LINE#         531
  C:04C9H         LINE#         532
  C:04D4H         LINE#         533
  C:04DFH         LINE#         534
  C:04DFH         LINE#         535
  C:04DFH         LINE#         536
  C:04EAH         LINE#         537
  C:0505H         LINE#         538
  C:0505H         LINE#         539
  C:0505H         LINE#         540
  C:050DH         LINE#         541
  C:0515H         LINE#         542
  C:0518H         LINE#         543
  C:0523H         LINE#         544
  C:0523H         LINE#         545
  C:0523H         LINE#         546
  C:052EH         LINE#         547
BL51 BANKED LINKER/LOCATER V6.22.2.0                                                  02/27/2021  22:04:45  PAGE 28


  C:0535H         LINE#         548
  C:0538H         LINE#         549
  C:0547H         LINE#         550
  C:054BH         LINE#         551
  C:054DH         LINE#         552
  C:054DH         LINE#         553
  C:0559H         LINE#         554
  C:0559H         LINE#         555
  C:0559H         LINE#         556
  C:0559H         LINE#         557
  C:0593H         LINE#         558
  C:0596H         LINE#         559
  C:059AH         LINE#         560
  C:059AH         LINE#         561
  C:059DH         LINE#         563
  C:059DH         LINE#         564
  C:05A5H         LINE#         565
  C:05ADH         LINE#         566
  C:05B0H         LINE#         567
  C:05BBH         LINE#         568
  C:05BBH         LINE#         569
  C:05BBH         LINE#         570
  C:05C6H         LINE#         571
  C:05CDH         LINE#         572
  C:05D0H         LINE#         573
  C:05DFH         LINE#         575
  C:05E3H         LINE#         576
  C:05E3H         LINE#         577
  C:05E3H         LINE#         578
  C:05E3H         LINE#         579
  C:0603H         LINE#         580
  C:0603H         LINE#         581
  C:0637H         LINE#         582
  C:0637H         LINE#         583
  C:0657H         LINE#         584
  C:0657H         LINE#         585
  C:0667H         LINE#         586
  C:066AH         LINE#         587
  C:0675H         LINE#         588
  C:067CH         LINE#         589
  C:067FH         LINE#         591
  C:067FH         LINE#         592
  C:0687H         LINE#         593
  C:068FH         LINE#         594
  C:0692H         LINE#         595
  C:069DH         LINE#         596
  C:069DH         LINE#         597
  C:069DH         LINE#         599
  C:06A8H         LINE#         600
  C:06AFH         LINE#         601
  C:06B2H         LINE#         602
  C:06C1H         LINE#         604
  C:06C5H         LINE#         605
  C:06C5H         LINE#         606
  C:06C5H         LINE#         607
  C:06C5H         LINE#         608
  C:06C8H         LINE#         609
BL51 BANKED LINKER/LOCATER V6.22.2.0                                                  02/27/2021  22:04:45  PAGE 29


  C:06D3H         LINE#         610
  C:06DBH         LINE#         611
  C:06DBH         LINE#         612
  C:06DBH         LINE#         613
  C:06E6H         LINE#         614
  C:06EDH         LINE#         615
  C:06F0H         LINE#         616
  C:06FFH         LINE#         618
  C:0703H         LINE#         619
  C:0703H         LINE#         620
  C:0703H         LINE#         621
  C:0703H         LINE#         622
  C:0726H         LINE#         623
  C:0726H         LINE#         624
  C:075AH         LINE#         625
  C:075AH         LINE#         626
  C:0794H         LINE#         627
  C:0794H         LINE#         628
  C:07A5H         LINE#         629
  C:07A8H         LINE#         630
  C:07B3H         LINE#         631
  C:07B3H         LINE#         632
  C:07B3H         LINE#         633
  C:07C2H         LINE#         634
  C:07C2H         LINE#         635
  C:07C2H         LINE#         636
  C:07C2H         LINE#         638
  C:07C2H         LINE#         640
  -------         ENDPROC       MANAGEMENT
  -------         ENDMOD        KEYBOARD

  -------         MODULE        OFFLINE
  C:0000H         SYMBOL        _ICE_DUMMY_
  D:0092H         PUBLIC        P1M0
  D:0091H         PUBLIC        P1M1
  D:0080H         PUBLIC        P0
  D:0090H         PUBLIC        P1
  D:00A0H         PUBLIC        P2
  D:00CAH         PUBLIC        P5M0
  D:00B0H         PUBLIC        P3
  C:2721H         PUBLIC        init_w25q128
  D:00C9H         PUBLIC        P5M1
  D:00C0H         PUBLIC        P4
  D:00C8H         PUBLIC        P5
  D:00E8H         PUBLIC        P6
  C:27DEH         PUBLIC        w25frspi
  D:00F8H         PUBLIC        P7
  D:00A8H         PUBLIC        IE
  C:295DH         PUBLIC        _ms1
  D:00B8H         PUBLIC        IP
  C:28B0H         PUBLIC        w25rspi
  B:00C8H.4       PUBLIC        fwsck
  C:1ECCH         PUBLIC        _eraseblock
  D:00D8H         PUBLIC        CCON
  C:27B8H         PUBLIC        _w25wspi
  C:1894H         PUBLIC        _pageprogramblock
  D:0098H         PUBLIC        SCON
BL51 BANKED LINKER/LOCATER V6.22.2.0                                                  02/27/2021  22:04:45  PAGE 30


  B:0090H.7       PUBLIC        fwcs
  D:0088H         PUBLIC        TCON
  C:2B03H         PUBLIC        readrs1
  C:2AB5H         PUBLIC        readrs2
  C:2AC2H         PUBLIC        readrs3
  B:00C8H.5       PUBLIC        fwsi
  C:1E03H         PUBLIC        _readdata
  B:0090H.6       PUBLIC        fwso
  C:1D29H         PUBLIC        _fastreaddata
  C:2752H         PUBLIC        reset_w25q128
  D:00D0H         PUBLIC        PSW
  -------         PROC          L?0097
  -------         ENDPROC       L?0097
  -------         PROC          _W25WSPI
  D:0007H         SYMBOL        dat
  -------         DO            
  D:0006H         SYMBOL        i
  -------         ENDDO         
  C:27B8H         LINE#         11
  C:27B8H         LINE#         12
  C:27B8H         LINE#         14
  C:27C4H         LINE#         15
  C:27C4H         LINE#         16
  C:27C8H         LINE#         17
  C:27C8H         LINE#         18
  C:27CAH         LINE#         19
  C:27CCH         LINE#         21
  C:27CCH         LINE#         22
  C:27CEH         LINE#         23
  C:27CEH         LINE#         24
  C:27D0H         LINE#         25
  C:27D4H         LINE#         26
  C:27D6H         LINE#         27
  C:27D9H         LINE#         28
  C:27DBH         LINE#         29
  C:27DDH         LINE#         30
  -------         ENDPROC       _W25WSPI
  C:28A9H         SYMBOL        L?0096
  -------         PROC          L?0095
  -------         ENDPROC       L?0095
  C:28A9H         SYMBOL        L?0096
  -------         PROC          W25RSPI
  -------         DO            
  D:0006H         SYMBOL        i
  D:0007H         SYMBOL        rs
  -------         ENDDO         
  C:28B0H         LINE#         32
  C:28B0H         LINE#         33
  C:28B0H         LINE#         37
  C:28BCH         LINE#         38
  C:28BCH         LINE#         39
  C:28BEH         LINE#         40
  C:28C2H         LINE#         41
  C:28C5H         LINE#         42
  C:28C8H         LINE#         43
  C:28CAH         LINE#         44
  C:28CDH         LINE#         45
BL51 BANKED LINKER/LOCATER V6.22.2.0                                                  02/27/2021  22:04:45  PAGE 31


  C:28CFH         LINE#         46
  C:28CFH         LINE#         47
  -------         ENDPROC       W25RSPI
  -------         PROC          W25FRSPI
  -------         DO            
  D:0006H         SYMBOL        i
  D:0007H         SYMBOL        rs
  -------         ENDDO         
  C:27DEH         LINE#         49
  C:27DEH         LINE#         50
  C:27DEH         LINE#         53
  C:27EAH         LINE#         54
  C:27EAH         LINE#         55
  C:27F0H         LINE#         56
  C:27F2H         LINE#         57
  C:27F5H         LINE#         58
  C:27F8H         LINE#         59
  C:27FBH         LINE#         60
  C:27FFH         LINE#         61
  C:2801H         LINE#         62
  C:2804H         LINE#         63
  C:2806H         LINE#         64
  C:2808H         LINE#         65
  C:2808H         LINE#         66
  -------         ENDPROC       W25FRSPI
  -------         PROC          READRS1
  -------         DO            
  D:0007H         SYMBOL        rs
  -------         ENDDO         
  C:2B03H         LINE#         70
  C:2B03H         LINE#         71
  C:2B03H         LINE#         73
  C:2B03H         LINE#         74
  C:2B03H         LINE#         75
  C:2B06H         LINE#         76
  C:2B08H         LINE#         77
  C:2B08H         LINE#         78
  -------         ENDPROC       READRS1
  -------         PROC          READRS2
  -------         DO            
  D:0007H         SYMBOL        rs
  -------         ENDDO         
  C:2AB5H         LINE#         81
  C:2AB5H         LINE#         82
  C:2AB5H         LINE#         84
  C:2AB7H         LINE#         85
  C:2ABCH         LINE#         86
  C:2ABFH         LINE#         87
  C:2AC1H         LINE#         88
  C:2AC1H         LINE#         89
  -------         ENDPROC       READRS2
  -------         PROC          READRS3
  -------         DO            
  D:0007H         SYMBOL        rs
  -------         ENDDO         
  C:2AC2H         LINE#         92
  C:2AC2H         LINE#         93
BL51 BANKED LINKER/LOCATER V6.22.2.0                                                  02/27/2021  22:04:45  PAGE 32


  C:2AC2H         LINE#         95
  C:2AC4H         LINE#         96
  C:2AC9H         LINE#         97
  C:2ACCH         LINE#         98
  C:2ACEH         LINE#         99
  C:2ACEH         LINE#         100
  -------         ENDPROC       READRS3
  -------         PROC          INIT_W25Q128
  -------         DO            
  D:0004H         SYMBOL        i
  D:0006H         SYMBOL        j
  -------         ENDDO         
  C:2721H         LINE#         102
  C:2721H         LINE#         103
  C:2721H         LINE#         105
  C:2724H         LINE#         106
  C:2727H         LINE#         107
  C:272AH         LINE#         108
  C:272DH         LINE#         109
  C:272FH         LINE#         110
  C:2731H         LINE#         111
  C:2733H         LINE#         113
  C:2736H         LINE#         114
  C:2736H         LINE#         115
  C:2744H         LINE#         116
  C:274FH         LINE#         117
  -------         ENDPROC       INIT_W25Q128
  -------         PROC          RESET_W25Q128
  -------         DO            
  D:0007H         SYMBOL        i
  -------         ENDDO         
  C:2752H         LINE#         122
  C:2752H         LINE#         123
  C:2752H         LINE#         125
  C:2754H         LINE#         126
  C:2759H         LINE#         127
  C:275BH         LINE#         128
  C:276AH         LINE#         129
  C:276CH         LINE#         130
  C:2771H         LINE#         131
  C:2773H         LINE#         132
  C:2782H         LINE#         133
  -------         ENDPROC       RESET_W25Q128
  -------         PROC          _READDATA
  X:0065H         SYMBOL        buf
  X:0068H         SYMBOL        block_numb
  X:0069H         SYMBOL        page_numb
  X:006AH         SYMBOL        len
  -------         DO            
  X:006BH         SYMBOL        i
  X:006CH         SYMBOL        j
  X:006DH         SYMBOL        rs
  -------         ENDDO         
  C:1E03H         LINE#         141
  C:1E11H         LINE#         142
  C:1E11H         LINE#         146
  C:1E17H         LINE#         147
BL51 BANKED LINKER/LOCATER V6.22.2.0                                                  02/27/2021  22:04:45  PAGE 33


  C:1E1AH         LINE#         149
  C:1E22H         LINE#         150
  C:1E22H         LINE#         151
  C:1E22H         LINE#         152
  C:1E22H         LINE#         153
  C:1E25H         LINE#         154
  C:1E25H         LINE#         155
  C:1E25H         LINE#         156
  C:1E28H         LINE#         157
  C:1E2EH         LINE#         158
  C:1E33H         LINE#         159
  C:1E35H         LINE#         160
  C:1E35H         LINE#         162
  C:1E3BH         LINE#         163
  C:1E43H         LINE#         164
  C:1E4BH         LINE#         165
  C:1E4EH         LINE#         167
  C:1E50H         LINE#         168
  C:1E62H         LINE#         169
  C:1E62H         LINE#         170
  C:1E71H         LINE#         171
  C:1E79H         LINE#         172
  C:1E89H         LINE#         173
  C:1E89H         LINE#         174
  C:1EA4H         LINE#         175
  C:1EACH         LINE#         176
  C:1EC7H         LINE#         177
  C:1EC9H         LINE#         178
  C:1ECBH         LINE#         179
  -------         ENDPROC       _READDATA
  -------         PROC          _FASTREADDATA
  X:0071H         SYMBOL        buf
  X:0074H         SYMBOL        block_numb
  X:0075H         SYMBOL        page_numb
  X:0076H         SYMBOL        len
  -------         DO            
  X:0077H         SYMBOL        i
  X:0078H         SYMBOL        j
  X:0079H         SYMBOL        rs
  -------         ENDDO         
  C:1D29H         LINE#         182
  C:1D37H         LINE#         183
  C:1D37H         LINE#         187
  C:1D3DH         LINE#         188
  C:1D40H         LINE#         190
  C:1D48H         LINE#         191
  C:1D48H         LINE#         192
  C:1D48H         LINE#         193
  C:1D48H         LINE#         194
  C:1D4BH         LINE#         195
  C:1D4BH         LINE#         196
  C:1D4BH         LINE#         197
  C:1D4EH         LINE#         198
  C:1D54H         LINE#         199
  C:1D59H         LINE#         200
  C:1D5BH         LINE#         201
  C:1D5BH         LINE#         203
BL51 BANKED LINKER/LOCATER V6.22.2.0                                                  02/27/2021  22:04:45  PAGE 34


  C:1D61H         LINE#         204
  C:1D69H         LINE#         205
  C:1D71H         LINE#         206
  C:1D74H         LINE#         208
  C:1D76H         LINE#         209
  C:1D88H         LINE#         210
  C:1D88H         LINE#         211
  C:1D97H         LINE#         212
  C:1D9FH         LINE#         213
  C:1DA2H         LINE#         214
  C:1DA5H         LINE#         215
  C:1DAAH         LINE#         216
  C:1DBAH         LINE#         217
  C:1DBAH         LINE#         218
  C:1DD5H         LINE#         219
  C:1DDDH         LINE#         220
  C:1DF8H         LINE#         221
  C:1DFBH         LINE#         222
  C:1DFEH         LINE#         223
  C:1E00H         LINE#         224
  C:1E02H         LINE#         225
  -------         ENDPROC       _FASTREADDATA
  -------         PROC          _ERASEBLOCK
  X:00A6H         SYMBOL        block_numb
  -------         DO            
  D:0007H         SYMBOL        i
  X:00A7H         SYMBOL        j
  -------         ENDDO         
  C:1ECCH         LINE#         230
  C:1ED1H         LINE#         231
  C:1ED1H         LINE#         235
  C:1ED3H         LINE#         236
  C:1ED6H         LINE#         237
  C:1EDBH         LINE#         238
  C:1EDBH         LINE#         239
  C:1EE0H         LINE#         240
  C:1EE0H         LINE#         241
  C:1EE0H         LINE#         242
  C:1EE3H         LINE#         243
  C:1EE5H         LINE#         244
  C:1EE9H         LINE#         245
  C:1EEFH         LINE#         246
  C:1EF4H         LINE#         247
  C:1EF6H         LINE#         248
  C:1EF6H         LINE#         251
  C:1EF8H         LINE#         252
  C:1EFDH         LINE#         253
  C:1EFFH         LINE#         256
  C:1F01H         LINE#         257
  C:1F05H         LINE#         258
  C:1F0AH         LINE#         259
  C:1F0AH         LINE#         260
  C:1F0FH         LINE#         261
  C:1F0FH         LINE#         262
  C:1F0FH         LINE#         263
  C:1F12H         LINE#         264
  C:1F14H         LINE#         265
BL51 BANKED LINKER/LOCATER V6.22.2.0                                                  02/27/2021  22:04:45  PAGE 35


  C:1F18H         LINE#         266
  C:1F1EH         LINE#         267
  C:1F23H         LINE#         268
  C:1F25H         LINE#         269
  C:1F25H         LINE#         272
  C:1F27H         LINE#         273
  C:1F2CH         LINE#         274
  C:1F2FH         LINE#         275
  C:1F32H         LINE#         276
  C:1F37H         LINE#         277
  C:1F39H         LINE#         280
  C:1F3BH         LINE#         281
  C:1F3EH         LINE#         282
  C:1F43H         LINE#         283
  C:1F43H         LINE#         284
  C:1F48H         LINE#         285
  C:1F48H         LINE#         286
  C:1F48H         LINE#         287
  C:1F4BH         LINE#         288
  C:1F4DH         LINE#         289
  C:1F51H         LINE#         290
  C:1F57H         LINE#         291
  C:1F5CH         LINE#         292
  C:1F5EH         LINE#         293
  C:1F5EH         LINE#         294
  C:1F60H         LINE#         295
  C:1F65H         LINE#         296
  C:1F6AH         LINE#         297
  C:1F6AH         LINE#         298
  C:1F6FH         LINE#         299
  C:1F6FH         LINE#         300
  C:1F6FH         LINE#         301
  C:1F72H         LINE#         302
  C:1F74H         LINE#         303
  C:1F78H         LINE#         304
  C:1F7EH         LINE#         305
  C:1F83H         LINE#         306
  C:1F85H         LINE#         307
  C:1F85H         LINE#         308
  C:1F87H         LINE#         309
  -------         ENDPROC       _ERASEBLOCK
  -------         PROC          _PAGEPROGRAMBLOCK
  X:0087H         SYMBOL        buf
  X:008AH         SYMBOL        block_numb
  X:008BH         SYMBOL        page_numb
  X:008CH         SYMBOL        len
  -------         DO            
  D:0005H         SYMBOL        i
  X:008DH         SYMBOL        j
  -------         ENDDO         
  C:1894H         LINE#         316
  C:18A2H         LINE#         317
  C:18A2H         LINE#         319
  C:18A4H         LINE#         320
  C:18A9H         LINE#         322
  C:18AEH         LINE#         323
  C:18AEH         LINE#         324
[...]
  C:2A6EH         LINE#         75
  C:2A71H         LINE#         76
  C:2A74H         LINE#         77
  C:2A77H         LINE#         78
  C:2A7AH         LINE#         79
  C:2A7DH         LINE#         83
  C:2A7FH         LINE#         84
  C:2A81H         LINE#         85
  -------         ENDPROC       VOICE_INIT
  -------         ENDMOD        VOICE

  -------         MODULE        OV7670
  C:0000H         SYMBOL        _ICE_DUMMY_
  D:0080H         PUBLIC        P0
  D:0090H         PUBLIC        P1
  D:00A0H         PUBLIC        P2
  D:00B0H         PUBLIC        P3
  D:00C0H         PUBLIC        P4
  D:00C8H         PUBLIC        P5
  B:00A8H.7       PUBLIC        EA
  D:00E8H         PUBLIC        P6
  D:00F8H         PUBLIC        P7
  D:00A8H         PUBLIC        IE
  D:00B8H         PUBLIC        IP
  B:00E8H.7       PUBLIC        FIFO_OE
  C:1A8AH         PUBLIC        OV7670_reg
  D:00D8H         PUBLIC        CCON
  C:2223H         PUBLIC        Ov7670_init
  B:00B0H.4       PUBLIC        FIFO_RCLK
  D:0098H         PUBLIC        SCON
  C:23E5H         PUBLIC        _rd_Sensor_Reg
  D:0088H         PUBLIC        TCON
  C:25B5H         PUBLIC        zhen
  C:26B0H         PUBLIC        _wr_Sensor_Reg
  B:0088H.0       PUBLIC        IT0
  B:00A8H.0       PUBLIC        EX0
  B:00E8H.6       PUBLIC        FIFO_RRST
  X:00ACH         PUBLIC        cur_status
  B:00E8H.5       PUBLIC        FIFO_WRST
  C:1F88H         PUBLIC        ov7670_test
  D:009BH         PUBLIC        S2BUF
  C:1781H         PUBLIC        _OV7670_Window_Set
  B:00B0H.3       PUBLIC        FIFO_WEN
  D:00D0H         PUBLIC        PSW
BL51 BANKED LINKER/LOCATER V6.22.2.0                                                  02/27/2021  22:04:45  PAGE 40


  -------         PROC          _WR_SENSOR_REG
  X:0080H         SYMBOL        regID
  X:0081H         SYMBOL        regDat
  C:26B0H         LINE#         169
  C:26B8H         LINE#         170
  C:26B8H         LINE#         172
  C:26BBH         LINE#         174
  C:26C3H         LINE#         175
  C:26C3H         LINE#         176
  C:26C3H         LINE#         178
  C:26C5H         LINE#         180
  C:26C5H         LINE#         182
  C:26D0H         LINE#         183
  C:26D0H         LINE#         184
  C:26D0H         LINE#         185
  C:26D2H         LINE#         186
  C:26D2H         LINE#         188
  C:26DDH         LINE#         189
  C:26DDH         LINE#         190
  C:26E0H         LINE#         191
  C:26E3H         LINE#         192
  C:26E3H         LINE#         194
  C:26E6H         LINE#         197
  C:26E8H         LINE#         198
  -------         ENDPROC       _WR_SENSOR_REG
  -------         PROC          L?0042
  -------         ENDPROC       L?0042
  -------         PROC          _RD_SENSOR_REG
  X:0080H         SYMBOL        regID
  X:0081H         SYMBOL        regDat
  C:23E5H         LINE#         206
  C:23F3H         LINE#         207
  C:23F3H         LINE#         210
  C:23F6H         LINE#         212
  C:23FEH         LINE#         213
  C:23FEH         LINE#         214
  C:23FEH         LINE#         215
  C:2400H         LINE#         216
  C:2400H         LINE#         218
  C:240BH         LINE#         219
  C:240BH         LINE#         220
  C:240BH         LINE#         221
  C:240DH         LINE#         222
  C:240DH         LINE#         223
  C:2410H         LINE#         226
  C:2413H         LINE#         228
  C:241BH         LINE#         229
  C:241BH         LINE#         230
  C:241EH         LINE#         231
  C:2421H         LINE#         232
  C:2421H         LINE#         234
  C:2433H         LINE#         236
  C:2436H         LINE#         237
  C:2439H         LINE#         239
  C:243BH         LINE#         240
  -------         ENDPROC       _RD_SENSOR_REG
  -------         PROC          OV7670_INIT
BL51 BANKED LINKER/LOCATER V6.22.2.0                                                  02/27/2021  22:04:45  PAGE 41


  -------         DO            
  X:007DH         SYMBOL        i
  X:007EH         SYMBOL        tem1
  X:007FH         SYMBOL        tem2
  -------         ENDDO         
  C:2223H         LINE#         248
  C:2223H         LINE#         249
  C:2223H         LINE#         250
  C:2228H         LINE#         254
  C:2232H         LINE#         255
  C:2232H         LINE#         256
  C:2235H         LINE#         257
  C:2235H         LINE#         259
  C:2243H         LINE#         260
  C:2243H         LINE#         261
  C:2246H         LINE#         262
  C:2246H         LINE#         263
  C:2254H         LINE#         264
  C:2254H         LINE#         265
  C:2257H         LINE#         266
  C:2257H         LINE#         268
  C:225FH         LINE#         269
  C:225FH         LINE#         270
  C:2265H         LINE#         271
  C:2265H         LINE#         272
  C:2276H         LINE#         273
  C:2276H         LINE#         275
  C:229BH         LINE#         276
  C:229BH         LINE#         277
  C:229EH         LINE#         278
  C:229EH         LINE#         279
  C:22A6H         LINE#         280
  C:22A9H         LINE#         281
  C:22A9H         LINE#         282
  C:22A9H         LINE#         283
  C:22ABH         LINE#         284
  -------         ENDPROC       OV7670_INIT
  -------         PROC          _OV7670_WINDOW_SET
  X:0058H         SYMBOL        sx
  X:005AH         SYMBOL        sy
  D:0002H         SYMBOL        width
  X:005EH         SYMBOL        height
  -------         DO            
  X:0060H         SYMBOL        endx
  X:0062H         SYMBOL        endy
  X:0064H         SYMBOL        temp
  -------         ENDDO         
  C:1781H         LINE#         293
  C:178FH         LINE#         294
  C:178FH         LINE#         298
  C:17A8H         LINE#         299
  C:17C8H         LINE#         300
  C:17DBH         LINE#         303
  C:17E0H         LINE#         304
  C:17E7H         LINE#         305
  C:1804H         LINE#         307
  C:180BH         LINE#         308
BL51 BANKED LINKER/LOCATER V6.22.2.0                                                  02/27/2021  22:04:45  PAGE 42


  C:1821H         LINE#         309
  C:1837H         LINE#         311
  C:183CH         LINE#         312
  C:1843H         LINE#         313
  C:1861H         LINE#         315
  C:1868H         LINE#         316
  C:187EH         LINE#         317
  -------         ENDPROC       _OV7670_WINDOW_SET
  -------         PROC          OV7670_TEST
  -------         DO            
  X:009FH         SYMBOL        j
  X:00A3H         SYMBOL        sign
  -------         ENDDO         
  C:1F88H         LINE#         516
  C:1F88H         LINE#         517
  C:1F88H         LINE#         520
  C:1F8DH         LINE#         529
  C:1F8FH         LINE#         530
  C:1F91H         LINE#         531
  C:1F93H         LINE#         544
  C:1F99H         LINE#         545
  C:1F99H         LINE#         547
  C:1FA0H         LINE#         548
  C:1FA2H         LINE#         549
  C:1FA4H         LINE#         550
  C:1FAAH         LINE#         551
  C:1FAAH         LINE#         559
  C:1FB5H         LINE#         561
  C:1FB7H         LINE#         572
  C:1FD0H         LINE#         577
  C:1FD0H         LINE#         578
  C:1FD0H         LINE#         581
  C:1FD8H         LINE#         582
  C:1FD8H         LINE#         584
  C:1FDAH         LINE#         585
  C:1FDCH         LINE#         586
  C:1FDEH         LINE#         587
  C:1FE0H         LINE#         588
  C:1FE2H         LINE#         589
  C:1FE4H         LINE#         594
  C:200AH         LINE#         595
  C:200AH         LINE#         596
  C:200CH         LINE#         597
  C:200FH         LINE#         598
  C:2011H         LINE#         600
  C:2013H         LINE#         601
  C:2016H         LINE#         602
  C:2018H         LINE#         604
  C:2039H         LINE#         605
  C:203BH         LINE#         606
  C:2040H         LINE#         607
  C:2040H         LINE#         608
  -------         ENDPROC       OV7670_TEST
  -------         PROC          ZHEN
  C:25B5H         LINE#         618
  C:25C4H         LINE#         622
  C:25CDH         LINE#         623
BL51 BANKED LINKER/LOCATER V6.22.2.0                                                  02/27/2021  22:04:45  PAGE 43


  C:25CDH         LINE#         624
  C:25CFH         LINE#         625
  C:25D1H         LINE#         626
  C:25D3H         LINE#         627
  C:25D5H         LINE#         628
  C:25D7H         LINE#         630
  C:25DDH         LINE#         631
  C:25DDH         LINE#         632
  C:25DFH         LINE#         633
  C:25E1H         LINE#         634
  C:25E3H         LINE#         635
  C:25E9H         LINE#         636
  C:25E9H         LINE#         637
  -------         ENDPROC       ZHEN
  -------         ENDMOD        OV7670

  -------         MODULE        SCCB
  C:0000H         SYMBOL        _ICE_DUMMY_
  D:0080H         PUBLIC        P0
  D:0090H         PUBLIC        P1
  D:00A0H         PUBLIC        P2
  D:00B0H         PUBLIC        P3
  D:00C0H         PUBLIC        P4
  D:00C8H         PUBLIC        P5
  D:00E8H         PUBLIC        P6
  D:00F8H         PUBLIC        P7
  D:00A8H         PUBLIC        IE
  D:00B8H         PUBLIC        IP
  D:00D8H         PUBLIC        CCON
  D:0098H         PUBLIC        SCON
  D:0088H         PUBLIC        TCON
  C:2A2DH         PUBLIC        startSCCB
  C:243CH         PUBLIC        SCCBreadByte
  C:26E9H         PUBLIC        getAck
  B:00A0H.1       PUBLIC        SCCB_SIC
  B:00A0H.0       PUBLIC        SCCB_SID
  C:252BH         PUBLIC        _SCCBwriteByte
  C:29FAH         PUBLIC        stopSCCB
  C:28D0H         PUBLIC        noAck
  D:00D0H         PUBLIC        PSW
  -------         PROC          STARTSCCB
  C:2A2DH         LINE#         16
  C:2A2DH         LINE#         17
  C:2A2DH         LINE#         19
  C:2A2FH         LINE#         20
  C:2A31H         LINE#         21
  C:2A38H         LINE#         22
  C:2A3AH         LINE#         23
  C:2A41H         LINE#         24
  C:2A43H         LINE#         25
  -------         ENDPROC       STARTSCCB
  -------         PROC          STOPSCCB
  C:29FAH         LINE#         33
  C:29FAH         LINE#         34
  C:29FAH         LINE#         35
  C:29FCH         LINE#         36
  C:2A03H         LINE#         37
BL51 BANKED LINKER/LOCATER V6.22.2.0                                                  02/27/2021  22:04:45  PAGE 44


  C:2A05H         LINE#         38
  C:2A0CH         LINE#         39
  C:2A0EH         LINE#         40
  -------         ENDPROC       STOPSCCB
  -------         PROC          NOACK
  C:28D0H         LINE#         50
  C:28D0H         LINE#         51
  C:28D0H         LINE#         53
  C:28D7H         LINE#         54
  C:28D9H         LINE#         56
  C:28DBH         LINE#         57
  C:28E2H         LINE#         58
  C:28E4H         LINE#         59
  C:28EBH         LINE#         60
  C:28EDH         LINE#         61
  -------         ENDPROC       NOACK
  -------         PROC          GETACK
  -------         DO            
  X:0086H         SYMBOL        Error
  -------         ENDDO         
  C:26E9H         LINE#         64
  C:26E9H         LINE#         65
  C:26E9H         LINE#         68
  C:26EBH         LINE#         70
  C:26F2H         LINE#         71
  C:26F4H         LINE#         72
  C:26FBH         LINE#         73
  C:2703H         LINE#         74
  C:270AH         LINE#         75
  C:270CH         LINE#         76
  C:2713H         LINE#         78
  C:2715H         LINE#         79
  C:2720H         LINE#         80
  -------         ENDPROC       GETACK
  -------         PROC          _SCCBWRITEBYTE
  X:0084H         SYMBOL        dat
  -------         DO            
  X:0085H         SYMBOL        i
  -------         ENDDO         
  C:252BH         LINE#         89
  C:2530H         LINE#         90
  C:2530H         LINE#         92
  C:2541H         LINE#         93
  C:2541H         LINE#         94
  C:2552H         LINE#         95
  C:2559H         LINE#         96
  C:255BH         LINE#         97
  C:2562H         LINE#         98
  C:2564H         LINE#         99
  C:256CH         LINE#         100
  C:256EH         LINE#         101
  -------         ENDPROC       _SCCBWRITEBYTE
  -------         PROC          SCCBREADBYTE
  -------         DO            
  X:0084H         SYMBOL        i
  X:0085H         SYMBOL        rbyte
  -------         ENDDO         
BL51 BANKED LINKER/LOCATER V6.22.2.0                                                  02/27/2021  22:04:45  PAGE 45


  C:243CH         LINE#         111
  C:243CH         LINE#         112
  C:243CH         LINE#         113
  C:2441H         LINE#         116
  C:2443H         LINE#         118
  C:2454H         LINE#         119
  C:2454H         LINE#         120
  C:245BH         LINE#         121
  C:245DH         LINE#         122
  C:2479H         LINE#         123
  C:2480H         LINE#         124
  C:2482H         LINE#         125
  C:2489H         LINE#         126
  C:2491H         LINE#         129
  C:2493H         LINE#         130
  C:2498H         LINE#         131
  -------         ENDPROC       SCCBREADBYTE
  -------         ENDMOD        SCCB

  -------         MODULE        WIFI
  C:0000H         SYMBOL        _ICE_DUMMY_
  D:0080H         PUBLIC        P0
  D:0090H         PUBLIC        P1
  D:00A0H         PUBLIC        P2
  D:00B0H         PUBLIC        P3
  D:00C0H         PUBLIC        P4
  D:00C8H         PUBLIC        P5
  B:00A8H.7       PUBLIC        EA
  D:00E8H         PUBLIC        P6
  D:00F8H         PUBLIC        P7
  D:00BAH         PUBLIC        P_SW2
  D:00A8H         PUBLIC        IE
  B:00A8H.4       PUBLIC        ES
  D:00B8H         PUBLIC        IP
  B:0098H.0       PUBLIC        RI
  B:0098H.1       PUBLIC        TI
  X:0094H         PUBLIC        Hour
  D:00D8H         PUBLIC        CCON
  C:2A82H         PUBLIC        _sendString
  D:0099H         PUBLIC        SBUF
  D:0098H         PUBLIC        SCON
  D:0088H         PUBLIC        TCON
  D:00AFH         PUBLIC        IE2
  D:008EH         PUBLIC        AUXR
  C:2AFBH         PUBLIC        _sendByte
  D:00D6H         PUBLIC        T2H
  D:00D7H         PUBLIC        T2L
  C:1B6EH         PUBLIC        initEsp
  D:009AH         PUBLIC        S2CON
  D:00D0H         PUBLIC        PSW
  X:0098H         PUBLIC        Flag
  -------         PROC          _SENDBYTE
  D:0007H         SYMBOL        b
  C:2AFBH         LINE#         9
  C:2AFBH         LINE#         10
  C:2AFBH         LINE#         11
  C:2AFDH         LINE#         12
BL51 BANKED LINKER/LOCATER V6.22.2.0                                                  02/27/2021  22:04:45  PAGE 46


  C:2B00H         LINE#         13
  C:2B02H         LINE#         14
  -------         ENDPROC       _SENDBYTE
  -------         PROC          _SENDSTRING
  D:0001H         SYMBOL        s
  C:2A82H         LINE#         17
  C:2A82H         LINE#         18
  C:2A82H         LINE#         19
  C:2A88H         LINE#         20
  C:2A88H         LINE#         21
  C:2A8BH         LINE#         22
  C:2A92H         LINE#         23
  C:2A94H         LINE#         24
  -------         ENDPROC       _SENDSTRING
  -------         PROC          INITESP
  -------         DO            
  X:007DH         SYMBOL        a
  -------         ENDDO         
  C:1B6EH         LINE#         27
  C:1B6EH         LINE#         28
  C:1B6EH         LINE#         30
  C:1B71H         LINE#         31
  C:1B74H         LINE#         32
  C:1B77H         LINE#         33
  C:1B7AH         LINE#         34
  C:1B7DH         LINE#         35
  C:1B80H         LINE#         36
  C:1B83H         LINE#         37
  C:1B85H         LINE#         39
  C:1BB3H         LINE#         40
  C:1BBCH         LINE#         48
  C:1BEAH         LINE#         49
  C:1BF3H         LINE#         51
  C:1C14H         LINE#         52
  C:1C1DH         LINE#         54
  C:1C3EH         LINE#         55
  C:1C47H         LINE#         57
  C:1C49H         LINE#         58
  C:1C4BH         LINE#         59
  -------         ENDPROC       INITESP
  -------         ENDMOD        WIFI

  -------         MODULE        ?C?COPY
  C:116CH         PUBLIC        ?C?COPY
  -------         ENDMOD        ?C?COPY

  -------         MODULE        ?C?CLDPTR
  C:1192H         PUBLIC        ?C?CLDPTR
  -------         ENDMOD        ?C?CLDPTR

  -------         MODULE        ?C?CLDOPTR
  C:11ABH         PUBLIC        ?C?CLDOPTR
  -------         ENDMOD        ?C?CLDOPTR

  -------         MODULE        ?C?CSTPTR
  C:11D8H         PUBLIC        ?C?CSTPTR
  -------         ENDMOD        ?C?CSTPTR
BL51 BANKED LINKER/LOCATER V6.22.2.0                                                  02/27/2021  22:04:45  PAGE 47



  -------         MODULE        ?C?CSTOPTR
  C:11EAH         PUBLIC        ?C?CSTOPTR
  -------         ENDMOD        ?C?CSTOPTR

  -------         MODULE        ?C?UIDIV
  C:120CH         PUBLIC        ?C?UIDIV
  -------         ENDMOD        ?C?UIDIV

  -------         MODULE        ?C?LMUL
  C:1261H         PUBLIC        ?C?LMUL
  -------         ENDMOD        ?C?LMUL

  -------         MODULE        ?C?SLCMP
  C:12B0H         PUBLIC        ?C?SLCMP
  -------         ENDMOD        ?C?SLCMP

  -------         MODULE        ?C?ULCMP
  C:12C6H         PUBLIC        ?C?ULCMP
  -------         ENDMOD        ?C?ULCMP

  -------         MODULE        ?C?ULSHR
  C:12D7H         PUBLIC        ?C?ULSHR
  -------         ENDMOD        ?C?ULSHR

  -------         MODULE        ?C?LSTXDATA
  C:12EAH         PUBLIC        ?C?LSTXDATA
  -------         ENDMOD        ?C?LSTXDATA

  -------         MODULE        ?C?LSTKXDATA
  C:12F6H         PUBLIC        ?C?LSTKXDATA
  -------         ENDMOD        ?C?LSTKXDATA

*** WARNING L16: UNCALLED SEGMENT, IGNORED FOR OVERLAY PROCESS
    SEGMENT: ?PR?FINGERPRINT_CMD_IMG_TO_BUFFER2?FPM10A

*** WARNING L16: UNCALLED SEGMENT, IGNORED FOR OVERLAY PROCESS
    SEGMENT: ?PR?FPM10A_CMD_REG_MODEL?FPM10A

*** WARNING L16: UNCALLED SEGMENT, IGNORED FOR OVERLAY PROCESS
    SEGMENT: ?PR?FINGERPRINT_CMD_DELETE_ALL_MODEL?FPM10A

*** WARNING L16: UNCALLED SEGMENT, IGNORED FOR OVERLAY PROCESS
    SEGMENT: ?PR?_FPM10A_CMD_SAVE_FINGER?FPM10A

*** WARNING L16: UNCALLED SEGMENT, IGNORED FOR OVERLAY PROCESS
    SEGMENT: ?PR?_DISPLAYCGRAM?LCD_12864

*** WARNING L16: UNCALLED SEGMENT, IGNORED FOR OVERLAY PROCESS
    SEGMENT: ?PR?LED_INIT?LED

*** WARNING L16: UNCALLED SEGMENT, IGNORED FOR OVERLAY PROCESS
    SEGMENT: ?PR?LED_GREEN_OFF?LED

*** WARNING L16: UNCALLED SEGMENT, IGNORED FOR OVERLAY PROCESS
    SEGMENT: ?PR?READRS1?OFFLINE

BL51 BANKED LINKER/LOCATER V6.22.2.0                                                  02/27/2021  22:04:45  PAGE 48


*** WARNING L16: UNCALLED SEGMENT, IGNORED FOR OVERLAY PROCESS
    SEGMENT: ?PR?READRS2?OFFLINE

*** WARNING L16: UNCALLED SEGMENT, IGNORED FOR OVERLAY PROCESS
    SEGMENT: ?PR?READRS3?OFFLINE

*** WARNING L16: UNCALLED SEGMENT, IGNORED FOR OVERLAY PROCESS
    SEGMENT: ?PR?_READDATA?OFFLINE

*** WARNING L16: UNCALLED SEGMENT, IGNORED FOR OVERLAY PROCESS
    SEGMENT: ?PR?_FASTREADDATA?OFFLINE

*** WARNING L16: UNCALLED SEGMENT, IGNORED FOR OVERLAY PROCESS
    SEGMENT: ?PR?_ERASEBLOCK?OFFLINE

*** WARNING L16: UNCALLED SEGMENT, IGNORED FOR OVERLAY PROCESS
    SEGMENT: ?PR?_PAGEPROGRAMBLOCK?OFFLINE

*** WARNING L16: UNCALLED SEGMENT, IGNORED FOR OVERLAY PROCESS
    SEGMENT: ?PR?_DELAY?VOICE

*** WARNING L16: UNCALLED SEGMENT, IGNORED FOR OVERLAY PROCESS
    SEGMENT: ?PR?ISP_CHECK2?VOICE

*** WARNING L16: UNCALLED SEGMENT, IGNORED FOR OVERLAY PROCESS
    SEGMENT: ?PR?OV7670_TEST?OV7670

Program Size: data=9.0 xdata=173 code=11034
LINK/LOCATE RUN COMPLETE.  17 WARNING(S),  0 ERROR(S)
